../Core/Src/main.c:77:5:_write	24	static
../Core/Src/main.c:86:6:HAL_CAN_TxMailbox0CompleteCallback	16	static
../Core/Src/main.c:90:6:HAL_CAN_TxMailbox1CompleteCallback	16	static
../Core/Src/main.c:94:6:HAL_CAN_TxMailbox2CompleteCallback	16	static
../Core/Src/main.c:98:6:HAL_CAN_TxMailbox0AbortCallback	16	static
../Core/Src/main.c:102:6:HAL_CAN_TxMailbox1AbortCallback	16	static
../Core/Src/main.c:106:6:HAL_CAN_TxMailbox2AbortCallback	16	static
../Core/Src/main.c:110:6:HAL_CAN_RxFifo0MsgPendingCallback	88	static
../Core/Src/main.c:122:6:HAL_CAN_RxFifo0FullCallback	16	static
../Core/Src/main.c:126:6:HAL_CAN_RxFifo1MsgPendingCallback	16	static
../Core/Src/main.c:130:6:HAL_CAN_RxFifo1FullCallback	16	static
../Core/Src/main.c:134:6:HAL_CAN_SleepCallback	16	static
../Core/Src/main.c:138:6:HAL_CAN_WakeUpFromRxMsgCallback	16	static
../Core/Src/main.c:142:6:HAL_CAN_ErrorCallback	16	static
../Core/Src/main.c:152:5:main	80	static
../Core/Src/main.c:272:6:SystemClock_Config	72	static
../Core/Src/main.c:312:13:MX_CAN_Init	8	static
../Core/Src/main.c:349:13:MX_USART1_UART_Init	8	static
../Core/Src/main.c:382:13:MX_GPIO_Init	40	static
../Core/Src/main.c:417:6:Error_Handler	4	static,ignoring_inline_asm
