../Core/Src/main.c:95:5:_write	32	static
../Core/Src/main.c:108:6:bmp_init	32	static
../Core/Src/main.c:122:6:bmp_read_calib_data	64	static
../Core/Src/main.c:148:6:bmp_raw_read	40	static
../Core/Src/main.c:163:6:bmp_scaling	336	static
../Core/Src/main.c:221:5:main	24	static
../Core/Src/main.c:307:6:SystemClock_Config	72	static
../Core/Src/main.c:347:13:MX_I2C2_Init	8	static
../Core/Src/main.c:383:13:MX_USART1_UART_Init	8	static
../Core/Src/main.c:416:13:MX_GPIO_Init	40	static
../Core/Src/main.c:452:6:Error_Handler	4	static,ignoring_inline_asm
