../Core/Src/main.c:70:6:HAL_TIM_PeriodElapsedCallback	16	static
../Core/Src/main.c:77:6:flash_led	8	static
../Core/Src/main.c:86:6:HAL_UARTEx_RxEventCallback	16	static
../Core/Src/main.c:105:5:main	24	static
../Core/Src/main.c:166:6:SystemClock_Config	72	static
../Core/Src/main.c:203:13:MX_TIM3_Init	32	static
../Core/Src/main.c:248:13:MX_USART2_UART_Init	8	static
../Core/Src/main.c:281:13:MX_USART3_UART_Init	8	static
../Core/Src/main.c:312:13:MX_DMA_Init	16	static
../Core/Src/main.c:330:13:MX_GPIO_Init	40	static
../Core/Src/main.c:365:6:Error_Handler	4	static,ignoring_inline_asm
