../Core/Src/main.c:68:6:generate_sine_lookup_table	16	static
../Core/Src/main.c:75:6:HAL_TIM_PeriodElapsedCallback	16	static
../Core/Src/main.c:84:5:_write	32	static
../Core/Src/main.c:103:5:main	24	static
../Core/Src/main.c:169:6:SystemClock_Config	72	static
../Core/Src/main.c:209:13:MX_TIM3_Init	64	static
../Core/Src/main.c:268:13:MX_TIM4_Init	32	static
../Core/Src/main.c:313:13:MX_USART1_UART_Init	8	static
../Core/Src/main.c:346:13:MX_GPIO_Init	40	static
../Core/Src/main.c:381:6:Error_Handler	4	static,ignoring_inline_asm
