21:17:47 **** Build of configuration Debug for project Bluepill_2 ****
make -j16 all 
arm-none-eabi-gcc "../Core/Src/main.c" -mcpu=cortex-m3 -std=gnu11 -g3 -DDEBUG -DUSE_HAL_DRIVER -DSTM32F103xB -c -I../Core/Inc -I../Drivers/STM32F1xx_HAL_Driver/Inc/Legacy -I../Drivers/STM32F1xx_HAL_Driver/Inc -I../Drivers/CMSIS/Device/ST/STM32F1xx/Include -I../Drivers/CMSIS/Include -O0 -ffunction-sections -fdata-sections -Wall -fstack-usage -fcyclomatic-complexity -MMD -MP -MF"Core/Src/main.d" -MT"Core/Src/main.o" --specs=nano.specs -mfloat-abi=soft -mthumb -o "Core/Src/main.o"
arm-none-eabi-gcc -o "Bluepill_2.elf" @"objects.list"   -mcpu=cortex-m3 -T"C:\Users\Jagakishan\STM32CubeIDE\workspace_1.18.0\Bluepill_2\STM32F103C8TX_FLASH.ld" --specs=nosys.specs -Wl,-Map="Bluepill_2.map" -Wl,--gc-sections -static --specs=nano.specs -mfloat-abi=soft -mthumb -Wl,--start-group -lc -lm -Wl,--end-group
Finished building target: Bluepill_2.elf
 
arm-none-eabi-size  Bluepill_2.elf 
arm-none-eabi-objdump -h -S Bluepill_2.elf  > "Bluepill_2.list"
   text	   data	    bss	    dec	    hex	filename
   7012	     12	   1644	   8668	   21dc	Bluepill_2.elf
Finished building: default.size.stdout
 
Finished building: Bluepill_2.list
 

21:17:49 Build Finished. 0 errors, 0 warnings. (took 2s.258ms)

