15:48:22 **** Build of configuration Debug for project Bluepill_CAN_loopback ****
make -j16 all 
arm-none-eabi-gcc -o "Bluepill_CAN_loopback.elf" @"objects.list"   -mcpu=cortex-m3 -T"C:\Users\Jagakishan\STM32CubeIDE\workspace_1.18.0\Bluepill_CAN_loopback\STM32F103C8TX_FLASH.ld" --specs=nosys.specs -Wl,-Map="Bluepill_CAN_loopback.map" -Wl,--gc-sections -static --specs=nano.specs -mfloat-abi=soft -mthumb -Wl,--start-group -lc -lm -Wl,--end-group
Finished building target: Bluepill_CAN_loopback.elf
 
arm-none-eabi-size  Bluepill_CAN_loopback.elf 
arm-none-eabi-objdump -h -S Bluepill_CAN_loopback.elf  > "Bluepill_CAN_loopback.list"
arm-none-eabi-objcopy  -O ihex Bluepill_CAN_loopback.elf  "Bluepill_CAN_loopback.hex"
   text	   data	    bss	    dec	    hex	filename
  15240	    112	   2080	  17432	   4418	Bluepill_CAN_loopback.elf
Finished building: default.size.stdout
 
Finished building: Bluepill_CAN_loopback.hex
 
Finished building: Bluepill_CAN_loopback.list
 

15:48:23 Build Finished. 0 errors, 0 warnings. (took 762ms)

