21:35:55 **** Incremental Build of configuration Debug for project Bluepill_mcp2551_Transmiter ****
make -j16 all 
arm-none-eabi-gcc "../Core/Src/main.c" -mcpu=cortex-m3 -std=gnu11 -g3 -DDEBUG -DUSE_HAL_DRIVER -DSTM32F103xB -c -I../Core/Inc -I../Drivers/STM32F1xx_HAL_Driver/Inc/Legacy -I../Drivers/STM32F1xx_HAL_Driver/Inc -I../Drivers/CMSIS/Device/ST/STM32F1xx/Include -I../Drivers/CMSIS/Include -O0 -ffunction-sections -fdata-sections -Wall -fstack-usage -fcyclomatic-complexity -MMD -MP -MF"Core/Src/main.d" -MT"Core/Src/main.o" --specs=nano.specs -mfloat-abi=soft -mthumb -o "Core/Src/main.o"
arm-none-eabi-gcc -o "Bluepill_mcp2551_Transmiter.elf" @"objects.list"   -mcpu=cortex-m3 -T"C:\Users\Jagakishan\STM32CubeIDE\workspace_1.18.0\Bluepill_CAN_Transmiter\STM32F103C8TX_FLASH.ld" --specs=nosys.specs -Wl,-Map="Bluepill_mcp2551_Transmiter.map" -Wl,--gc-sections -static --specs=nano.specs -mfloat-abi=soft -mthumb -Wl,--start-group -lc -lm -Wl,--end-group
Finished building target: Bluepill_mcp2551_Transmiter.elf
 
arm-none-eabi-size  Bluepill_mcp2551_Transmiter.elf 
arm-none-eabi-objdump -h -S Bluepill_mcp2551_Transmiter.elf  > "Bluepill_mcp2551_Transmiter.list"
arm-none-eabi-objcopy  -O ihex Bluepill_mcp2551_Transmiter.elf  "Bluepill_mcp2551_Transmiter.hex"
   text	   data	    bss	    dec	    hex	filename
  13348	    112	   2080	  15540	   3cb4	Bluepill_mcp2551_Transmiter.elf
Finished building: default.size.stdout
 
Finished building: Bluepill_mcp2551_Transmiter.hex
 
Finished building: Bluepill_mcp2551_Transmiter.list
 

21:35:58 Build Finished. 0 errors, 0 warnings. (took 2s.789ms)

