15:48:23 **** Build of configuration Debug for project Bluepill_Potentiometer ****
make -j16 all 
arm-none-eabi-gcc "../Core/Src/main.c" -mcpu=cortex-m3 -std=gnu11 -g3 -DDEBUG -DUSE_HAL_DRIVER -DSTM32F103xB -c -I../Core/Inc -I../Drivers/STM32F1xx_HAL_Driver/Inc/Legacy -I../Drivers/STM32F1xx_HAL_Driver/Inc -I../Drivers/CMSIS/Device/ST/STM32F1xx/Include -I../Drivers/CMSIS/Include -O0 -ffunction-sections -fdata-sections -Wall -fstack-usage -fcyclomatic-complexity -MMD -MP -MF"Core/Src/main.d" -MT"Core/Src/main.o" --specs=nano.specs -mfloat-abi=soft -mthumb -o "Core/Src/main.o"
arm-none-eabi-gcc -o "Bluepill_Potentiometer.elf" @"objects.list"   -mcpu=cortex-m3 -T"C:\Users\Jagakishan\STM32CubeIDE\workspace_1.18.0\Bluepill_Potentiometer\STM32F103C8TX_FLASH.ld" --specs=nosys.specs -Wl,-Map="Bluepill_Potentiometer.map" -Wl,--gc-sections -static --specs=nano.specs -mfloat-abi=soft -mthumb -u _printf_float -Wl,--start-group -lc -lm -Wl,--end-group
Finished building target: Bluepill_Potentiometer.elf
 
arm-none-eabi-size  Bluepill_Potentiometer.elf 
arm-none-eabi-objdump -h -S Bluepill_Potentiometer.elf  > "Bluepill_Potentiometer.list"
arm-none-eabi-objcopy  -O ihex Bluepill_Potentiometer.elf  "Bluepill_Potentiometer.hex"
   text	   data	    bss	    dec	    hex	filename
  28556	    468	   2172	  31196	   79dc	Bluepill_Potentiometer.elf
Finished building: default.size.stdout
 
Finished building: Bluepill_Potentiometer.hex
 
Finished building: Bluepill_Potentiometer.list
 

15:48:25 Build Finished. 0 errors, 0 warnings. (took 1s.621ms)

