14:52:36 **** Incremental Build of configuration Debug for project Bluepill_mcp2551_Transmiter ****
make -j16 all 
arm-none-eabi-gcc -o "Bluepill_mcp2551_Transmiter.elf" @"objects.list"   -mcpu=cortex-m3 -T"C:\Users\Jagakishan\STM32CubeIDE\workspace_1.18.0\Bluepill_CAN_Transmiter\STM32F103C8TX_FLASH.ld" --specs=nosys.specs -Wl,-Map="Bluepill_mcp2551_Transmiter.map" -Wl,--gc-sections -static --specs=nano.specs -mfloat-abi=soft -mthumb -Wl,--start-group -lc -lm -Wl,--end-group
Finished building target: Bluepill_mcp2551_Transmiter.elf
 
arm-none-eabi-size  Bluepill_mcp2551_Transmiter.elf 
arm-none-eabi-objdump -h -S Bluepill_mcp2551_Transmiter.elf  > "Bluepill_mcp2551_Transmiter.list"
arm-none-eabi-objcopy  -O ihex Bluepill_mcp2551_Transmiter.elf  "Bluepill_mcp2551_Transmiter.hex"
   text	   data	    bss	    dec	    hex	filename
  12732	    112	   2040	  14884	   3a24	Bluepill_mcp2551_Transmiter.elf
Finished building: default.size.stdout
 
Finished building: Bluepill_mcp2551_Transmiter.hex
 
Finished building: Bluepill_mcp2551_Transmiter.list
 
14:56:50 **** Incremental Build of configuration Debug for project Bluepill_mcp2551_Transmiter ****
make -j16 all 
arm-none-eabi-gcc "../Core/Src/main.c" -mcpu=cortex-m3 -std=gnu11 -g3 -DDEBUG -DUSE_HAL_DRIVER -DSTM32F103xB -c -I../Core/Inc -I../Drivers/STM32F1xx_HAL_Driver/Inc/Legacy -I../Drivers/STM32F1xx_HAL_Driver/Inc -I../Drivers/CMSIS/Device/ST/STM32F1xx/Include -I../Drivers/CMSIS/Include -O0 -ffunction-sections -fdata-sections -Wall -fstack-usage -fcyclomatic-complexity -MMD -MP -MF"Core/Src/main.d" -MT"Core/Src/main.o" --specs=nano.specs -mfloat-abi=soft -mthumb -o "Core/Src/main.o"
arm-none-eabi-gcc -o "Bluepill_mcp2551_Transmiter.elf" @"objects.list"   -mcpu=cortex-m3 -T"C:\Users\Jagakishan\STM32CubeIDE\workspace_1.18.0\Bluepill_CAN_Transmiter\STM32F103C8TX_FLASH.ld" --specs=nosys.specs -Wl,-Map="Bluepill_mcp2551_Transmiter.map" -Wl,--gc-sections -static --specs=nano.specs -mfloat-abi=soft -mthumb -Wl,--start-group -lc -lm -Wl,--end-group
Finished building target: Bluepill_mcp2551_Transmiter.elf
 
arm-none-eabi-size  Bluepill_mcp2551_Transmiter.elf 
arm-none-eabi-objdump -h -S Bluepill_mcp2551_Transmiter.elf  > "Bluepill_mcp2551_Transmiter.list"
arm-none-eabi-objcopy  -O ihex Bluepill_mcp2551_Transmiter.elf  "Bluepill_mcp2551_Transmiter.hex"
   text	   data	    bss	    dec	    hex	filename
  12740	    112	   2040	  14892	   3a2c	Bluepill_mcp2551_Transmiter.elf
Finished building: default.size.stdout
 
Finished building: Bluepill_mcp2551_Transmiter.hex
 
Finished building: Bluepill_mcp2551_Transmiter.list
 
15:09:06 **** Incremental Build of configuration Debug for project Bluepill_mcp2551_Transmiter ****
make -j16 all 
arm-none-eabi-gcc "../Core/Src/main.c" -mcpu=cortex-m3 -std=gnu11 -g3 -DDEBUG -DUSE_HAL_DRIVER -DSTM32F103xB -c -I../Core/Inc -I../Drivers/STM32F1xx_HAL_Driver/Inc/Legacy -I../Drivers/STM32F1xx_HAL_Driver/Inc -I../Drivers/CMSIS/Device/ST/STM32F1xx/Include -I../Drivers/CMSIS/Include -O0 -ffunction-sections -fdata-sections -Wall -fstack-usage -fcyclomatic-complexity -MMD -MP -MF"Core/Src/main.d" -MT"Core/Src/main.o" --specs=nano.specs -mfloat-abi=soft -mthumb -o "Core/Src/main.o"
../Core/Src/main.c: In function 'main':
../Core/Src/main.c:126:3: error: 'filterConfig' undeclared (first use in this function); did you mean 'FilterConfig'?
  126 |   filterConfig.FilterActivation=CAN_FILTER_ENABLE;
      |   ^~~~~~~~~~~~
      |   FilterConfig
../Core/Src/main.c:126:3: note: each undeclared identifier is reported only once for each function it appears in
make: *** [Core/Src/subdir.mk:34: Core/Src/main.o] Error 1
"make -j16 all" terminated with exit code 2. Build might be incomplete.
15:09:29 **** Incremental Build of configuration Debug for project Bluepill_mcp2551_Transmiter ****
make -j16 all 
arm-none-eabi-gcc "../Core/Src/main.c" -mcpu=cortex-m3 -std=gnu11 -g3 -DDEBUG -DUSE_HAL_DRIVER -DSTM32F103xB -c -I../Core/Inc -I../Drivers/STM32F1xx_HAL_Driver/Inc/Legacy -I../Drivers/STM32F1xx_HAL_Driver/Inc -I../Drivers/CMSIS/Device/ST/STM32F1xx/Include -I../Drivers/CMSIS/Include -O0 -ffunction-sections -fdata-sections -Wall -fstack-usage -fcyclomatic-complexity -MMD -MP -MF"Core/Src/main.d" -MT"Core/Src/main.o" --specs=nano.specs -mfloat-abi=soft -mthumb -o "Core/Src/main.o"
arm-none-eabi-gcc -o "Bluepill_mcp2551_Transmiter.elf" @"objects.list"   -mcpu=cortex-m3 -T"C:\Users\Jagakishan\STM32CubeIDE\workspace_1.18.0\Bluepill_CAN_Transmiter\STM32F103C8TX_FLASH.ld" --specs=nosys.specs -Wl,-Map="Bluepill_mcp2551_Transmiter.map" -Wl,--gc-sections -static --specs=nano.specs -mfloat-abi=soft -mthumb -Wl,--start-group -lc -lm -Wl,--end-group
Finished building target: Bluepill_mcp2551_Transmiter.elf
 
arm-none-eabi-size  Bluepill_mcp2551_Transmiter.elf 
arm-none-eabi-objdump -h -S Bluepill_mcp2551_Transmiter.elf  > "Bluepill_mcp2551_Transmiter.list"
arm-none-eabi-objcopy  -O ihex Bluepill_mcp2551_Transmiter.elf  "Bluepill_mcp2551_Transmiter.hex"
   text	   data	    bss	    dec	    hex	filename
  12792	    112	   2080	  14984	   3a88	Bluepill_mcp2551_Transmiter.elf
Finished building: default.size.stdout
 
Finished building: Bluepill_mcp2551_Transmiter.hex
 
Finished building: Bluepill_mcp2551_Transmiter.list
 
15:18:09 **** Incremental Build of configuration Debug for project Bluepill_mcp2551_Transmiter ****
make -j16 all 
arm-none-eabi-gcc "../Core/Src/main.c" -mcpu=cortex-m3 -std=gnu11 -g3 -DDEBUG -DUSE_HAL_DRIVER -DSTM32F103xB -c -I../Core/Inc -I../Drivers/STM32F1xx_HAL_Driver/Inc/Legacy -I../Drivers/STM32F1xx_HAL_Driver/Inc -I../Drivers/CMSIS/Device/ST/STM32F1xx/Include -I../Drivers/CMSIS/Include -O0 -ffunction-sections -fdata-sections -Wall -fstack-usage -fcyclomatic-complexity -MMD -MP -MF"Core/Src/main.d" -MT"Core/Src/main.o" --specs=nano.specs -mfloat-abi=soft -mthumb -o "Core/Src/main.o"
arm-none-eabi-gcc -o "Bluepill_mcp2551_Transmiter.elf" @"objects.list"   -mcpu=cortex-m3 -T"C:\Users\Jagakishan\STM32CubeIDE\workspace_1.18.0\Bluepill_CAN_Transmiter\STM32F103C8TX_FLASH.ld" --specs=nosys.specs -Wl,-Map="Bluepill_mcp2551_Transmiter.map" -Wl,--gc-sections -static --specs=nano.specs -mfloat-abi=soft -mthumb -Wl,--start-group -lc -lm -Wl,--end-group
Finished building target: Bluepill_mcp2551_Transmiter.elf
 
arm-none-eabi-size  Bluepill_mcp2551_Transmiter.elf 
arm-none-eabi-objdump -h -S Bluepill_mcp2551_Transmiter.elf  > "Bluepill_mcp2551_Transmiter.list"
arm-none-eabi-objcopy  -O ihex Bluepill_mcp2551_Transmiter.elf  "Bluepill_mcp2551_Transmiter.hex"
   text	   data	    bss	    dec	    hex	filename
  12788	    112	   2080	  14980	   3a84	Bluepill_mcp2551_Transmiter.elf
Finished building: default.size.stdout
 
Finished building: Bluepill_mcp2551_Transmiter.hex
 
Finished building: Bluepill_mcp2551_Transmiter.list
 
15:31:09 **** Build of configuration Debug for project Bluepill_mcp2551_Receiver ****
make -j16 all 
arm-none-eabi-gcc "../Drivers/STM32F1xx_HAL_Driver/Src/stm32f1xx_hal.c" -mcpu=cortex-m3 -std=gnu11 -g3 -DDEBUG -DUSE_HAL_DRIVER -DSTM32F103xB -c -I../Core/Inc -I../Drivers/STM32F1xx_HAL_Driver/Inc/Legacy -I../Drivers/STM32F1xx_HAL_Driver/Inc -I../Drivers/CMSIS/Device/ST/STM32F1xx/Include -I../Drivers/CMSIS/Include -O0 -ffunction-sections -fdata-sections -Wall -fstack-usage -fcyclomatic-complexity -MMD -MP -MF"Drivers/STM32F1xx_HAL_Driver/Src/stm32f1xx_hal.d" -MT"Drivers/STM32F1xx_HAL_Driver/Src/stm32f1xx_hal.o" --specs=nano.specs -mfloat-abi=soft -mthumb -o "Drivers/STM32F1xx_HAL_Driver/Src/stm32f1xx_hal.o"
arm-none-eabi-gcc "../Drivers/STM32F1xx_HAL_Driver/Src/stm32f1xx_hal_can.c" -mcpu=cortex-m3 -std=gnu11 -g3 -DDEBUG -DUSE_HAL_DRIVER -DSTM32F103xB -c -I../Core/Inc -I../Drivers/STM32F1xx_HAL_Driver/Inc/Legacy -I../Drivers/STM32F1xx_HAL_Driver/Inc -I../Drivers/CMSIS/Device/ST/STM32F1xx/Include -I../Drivers/CMSIS/Include -O0 -ffunction-sections -fdata-sections -Wall -fstack-usage -fcyclomatic-complexity -MMD -MP -MF"Drivers/STM32F1xx_HAL_Driver/Src/stm32f1xx_hal_can.d" -MT"Drivers/STM32F1xx_HAL_Driver/Src/stm32f1xx_hal_can.o" --specs=nano.specs -mfloat-abi=soft -mthumb -o "Drivers/STM32F1xx_HAL_Driver/Src/stm32f1xx_hal_can.o"
arm-none-eabi-gcc "../Drivers/STM32F1xx_HAL_Driver/Src/stm32f1xx_hal_cortex.c" -mcpu=cortex-m3 -std=gnu11 -g3 -DDEBUG -DUSE_HAL_DRIVER -DSTM32F103xB -c -I../Core/Inc -I../Drivers/STM32F1xx_HAL_Driver/Inc/Legacy -I../Drivers/STM32F1xx_HAL_Driver/Inc -I../Drivers/CMSIS/Device/ST/STM32F1xx/Include -I../Drivers/CMSIS/Include -O0 -ffunction-sections -fdata-sections -Wall -fstack-usage -fcyclomatic-complexity -MMD -MP -MF"Drivers/STM32F1xx_HAL_Driver/Src/stm32f1xx_hal_cortex.d" -MT"Drivers/STM32F1xx_HAL_Driver/Src/stm32f1xx_hal_cortex.o" --specs=nano.specs -mfloat-abi=soft -mthumb -o "Drivers/STM32F1xx_HAL_Driver/Src/stm32f1xx_hal_cortex.o"
arm-none-eabi-gcc "../Drivers/STM32F1xx_HAL_Driver/Src/stm32f1xx_hal_dma.c" -mcpu=cortex-m3 -std=gnu11 -g3 -DDEBUG -DUSE_HAL_DRIVER -DSTM32F103xB -c -I../Core/Inc -I../Drivers/STM32F1xx_HAL_Driver/Inc/Legacy -I../Drivers/STM32F1xx_HAL_Driver/Inc -I../Drivers/CMSIS/Device/ST/STM32F1xx/Include -I../Drivers/CMSIS/Include -O0 -ffunction-sections -fdata-sections -Wall -fstack-usage -fcyclomatic-complexity -MMD -MP -MF"Drivers/STM32F1xx_HAL_Driver/Src/stm32f1xx_hal_dma.d" -MT"Drivers/STM32F1xx_HAL_Driver/Src/stm32f1xx_hal_dma.o" --specs=nano.specs -mfloat-abi=soft -mthumb -o "Drivers/STM32F1xx_HAL_Driver/Src/stm32f1xx_hal_dma.o"
arm-none-eabi-gcc "../Drivers/STM32F1xx_HAL_Driver/Src/stm32f1xx_hal_exti.c" -mcpu=cortex-m3 -std=gnu11 -g3 -DDEBUG -DUSE_HAL_DRIVER -DSTM32F103xB -c -I../Core/Inc -I../Drivers/STM32F1xx_HAL_Driver/Inc/Legacy -I../Drivers/STM32F1xx_HAL_Driver/Inc -I../Drivers/CMSIS/Device/ST/STM32F1xx/Include -I../Drivers/CMSIS/Include -O0 -ffunction-sections -fdata-sections -Wall -fstack-usage -fcyclomatic-complexity -MMD -MP -MF"Drivers/STM32F1xx_HAL_Driver/Src/stm32f1xx_hal_exti.d" -MT"Drivers/STM32F1xx_HAL_Driver/Src/stm32f1xx_hal_exti.o" --specs=nano.specs -mfloat-abi=soft -mthumb -o "Drivers/STM32F1xx_HAL_Driver/Src/stm32f1xx_hal_exti.o"
arm-none-eabi-gcc "../Drivers/STM32F1xx_HAL_Driver/Src/stm32f1xx_hal_flash.c" -mcpu=cortex-m3 -std=gnu11 -g3 -DDEBUG -DUSE_HAL_DRIVER -DSTM32F103xB -c -I../Core/Inc -I../Drivers/STM32F1xx_HAL_Driver/Inc/Legacy -I../Drivers/STM32F1xx_HAL_Driver/Inc -I../Drivers/CMSIS/Device/ST/STM32F1xx/Include -I../Drivers/CMSIS/Include -O0 -ffunction-sections -fdata-sections -Wall -fstack-usage -fcyclomatic-complexity -MMD -MP -MF"Drivers/STM32F1xx_HAL_Driver/Src/stm32f1xx_hal_flash.d" -MT"Drivers/STM32F1xx_HAL_Driver/Src/stm32f1xx_hal_flash.o" --specs=nano.specs -mfloat-abi=soft -mthumb -o "Drivers/STM32F1xx_HAL_Driver/Src/stm32f1xx_hal_flash.o"
arm-none-eabi-gcc "../Drivers/STM32F1xx_HAL_Driver/Src/stm32f1xx_hal_flash_ex.c" -mcpu=cortex-m3 -std=gnu11 -g3 -DDEBUG -DUSE_HAL_DRIVER -DSTM32F103xB -c -I../Core/Inc -I../Drivers/STM32F1xx_HAL_Driver/Inc/Legacy -I../Drivers/STM32F1xx_HAL_Driver/Inc -I../Drivers/CMSIS/Device/ST/STM32F1xx/Include -I../Drivers/CMSIS/Include -O0 -ffunction-sections -fdata-sections -Wall -fstack-usage -fcyclomatic-complexity -MMD -MP -MF"Drivers/STM32F1xx_HAL_Driver/Src/stm32f1xx_hal_flash_ex.d" -MT"Drivers/STM32F1xx_HAL_Driver/Src/stm32f1xx_hal_flash_ex.o" --specs=nano.specs -mfloat-abi=soft -mthumb -o "Drivers/STM32F1xx_HAL_Driver/Src/stm32f1xx_hal_flash_ex.o"
arm-none-eabi-gcc "../Drivers/STM32F1xx_HAL_Driver/Src/stm32f1xx_hal_gpio.c" -mcpu=cortex-m3 -std=gnu11 -g3 -DDEBUG -DUSE_HAL_DRIVER -DSTM32F103xB -c -I../Core/Inc -I../Drivers/STM32F1xx_HAL_Driver/Inc/Legacy -I../Drivers/STM32F1xx_HAL_Driver/Inc -I../Drivers/CMSIS/Device/ST/STM32F1xx/Include -I../Drivers/CMSIS/Include -O0 -ffunction-sections -fdata-sections -Wall -fstack-usage -fcyclomatic-complexity -MMD -MP -MF"Drivers/STM32F1xx_HAL_Driver/Src/stm32f1xx_hal_gpio.d" -MT"Drivers/STM32F1xx_HAL_Driver/Src/stm32f1xx_hal_gpio.o" --specs=nano.specs -mfloat-abi=soft -mthumb -o "Drivers/STM32F1xx_HAL_Driver/Src/stm32f1xx_hal_gpio.o"
arm-none-eabi-gcc "../Drivers/STM32F1xx_HAL_Driver/Src/stm32f1xx_hal_gpio_ex.c" -mcpu=cortex-m3 -std=gnu11 -g3 -DDEBUG -DUSE_HAL_DRIVER -DSTM32F103xB -c -I../Core/Inc -I../Drivers/STM32F1xx_HAL_Driver/Inc/Legacy -I../Drivers/STM32F1xx_HAL_Driver/Inc -I../Drivers/CMSIS/Device/ST/STM32F1xx/Include -I../Drivers/CMSIS/Include -O0 -ffunction-sections -fdata-sections -Wall -fstack-usage -fcyclomatic-complexity -MMD -MP -MF"Drivers/STM32F1xx_HAL_Driver/Src/stm32f1xx_hal_gpio_ex.d" -MT"Drivers/STM32F1xx_HAL_Driver/Src/stm32f1xx_hal_gpio_ex.o" --specs=nano.specs -mfloat-abi=soft -mthumb -o "Drivers/STM32F1xx_HAL_Driver/Src/stm32f1xx_hal_gpio_ex.o"
arm-none-eabi-gcc "../Drivers/STM32F1xx_HAL_Driver/Src/stm32f1xx_hal_pwr.c" -mcpu=cortex-m3 -std=gnu11 -g3 -DDEBUG -DUSE_HAL_DRIVER -DSTM32F103xB -c -I../Core/Inc -I../Drivers/STM32F1xx_HAL_Driver/Inc/Legacy -I../Drivers/STM32F1xx_HAL_Driver/Inc -I../Drivers/CMSIS/Device/ST/STM32F1xx/Include -I../Drivers/CMSIS/Include -O0 -ffunction-sections -fdata-sections -Wall -fstack-usage -fcyclomatic-complexity -MMD -MP -MF"Drivers/STM32F1xx_HAL_Driver/Src/stm32f1xx_hal_pwr.d" -MT"Drivers/STM32F1xx_HAL_Driver/Src/stm32f1xx_hal_pwr.o" --specs=nano.specs -mfloat-abi=soft -mthumb -o "Drivers/STM32F1xx_HAL_Driver/Src/stm32f1xx_hal_pwr.o"
arm-none-eabi-gcc "../Drivers/STM32F1xx_HAL_Driver/Src/stm32f1xx_hal_rcc.c" -mcpu=cortex-m3 -std=gnu11 -g3 -DDEBUG -DUSE_HAL_DRIVER -DSTM32F103xB -c -I../Core/Inc -I../Drivers/STM32F1xx_HAL_Driver/Inc/Legacy -I../Drivers/STM32F1xx_HAL_Driver/Inc -I../Drivers/CMSIS/Device/ST/STM32F1xx/Include -I../Drivers/CMSIS/Include -O0 -ffunction-sections -fdata-sections -Wall -fstack-usage -fcyclomatic-complexity -MMD -MP -MF"Drivers/STM32F1xx_HAL_Driver/Src/stm32f1xx_hal_rcc.d" -MT"Drivers/STM32F1xx_HAL_Driver/Src/stm32f1xx_hal_rcc.o" --specs=nano.specs -mfloat-abi=soft -mthumb -o "Drivers/STM32F1xx_HAL_Driver/Src/stm32f1xx_hal_rcc.o"
arm-none-eabi-gcc "../Drivers/STM32F1xx_HAL_Driver/Src/stm32f1xx_hal_rcc_ex.c" -mcpu=cortex-m3 -std=gnu11 -g3 -DDEBUG -DUSE_HAL_DRIVER -DSTM32F103xB -c -I../Core/Inc -I../Drivers/STM32F1xx_HAL_Driver/Inc/Legacy -I../Drivers/STM32F1xx_HAL_Driver/Inc -I../Drivers/CMSIS/Device/ST/STM32F1xx/Include -I../Drivers/CMSIS/Include -O0 -ffunction-sections -fdata-sections -Wall -fstack-usage -fcyclomatic-complexity -MMD -MP -MF"Drivers/STM32F1xx_HAL_Driver/Src/stm32f1xx_hal_rcc_ex.d" -MT"Drivers/STM32F1xx_HAL_Driver/Src/stm32f1xx_hal_rcc_ex.o" --specs=nano.specs -mfloat-abi=soft -mthumb -o "Drivers/STM32F1xx_HAL_Driver/Src/stm32f1xx_hal_rcc_ex.o"
arm-none-eabi-gcc "../Drivers/STM32F1xx_HAL_Driver/Src/stm32f1xx_hal_uart.c" -mcpu=cortex-m3 -std=gnu11 -g3 -DDEBUG -DUSE_HAL_DRIVER -DSTM32F103xB -c -I../Core/Inc -I../Drivers/STM32F1xx_HAL_Driver/Inc/Legacy -I../Drivers/STM32F1xx_HAL_Driver/Inc -I../Drivers/CMSIS/Device/ST/STM32F1xx/Include -I../Drivers/CMSIS/Include -O0 -ffunction-sections -fdata-sections -Wall -fstack-usage -fcyclomatic-complexity -MMD -MP -MF"Drivers/STM32F1xx_HAL_Driver/Src/stm32f1xx_hal_uart.d" -MT"Drivers/STM32F1xx_HAL_Driver/Src/stm32f1xx_hal_uart.o" --specs=nano.specs -mfloat-abi=soft -mthumb -o "Drivers/STM32F1xx_HAL_Driver/Src/stm32f1xx_hal_uart.o"
arm-none-eabi-gcc -mcpu=cortex-m3 -g3 -DDEBUG -c -x assembler-with-cpp -MMD -MP -MF"Core/Startup/startup_stm32f103c8tx.d" -MT"Core/Startup/startup_stm32f103c8tx.o" --specs=nano.specs -mfloat-abi=soft -mthumb -o "Core/Startup/startup_stm32f103c8tx.o" "../Core/Startup/startup_stm32f103c8tx.s"
arm-none-eabi-gcc "../Core/Src/main.c" -mcpu=cortex-m3 -std=gnu11 -g3 -DDEBUG -DUSE_HAL_DRIVER -DSTM32F103xB -c -I../Core/Inc -I../Drivers/STM32F1xx_HAL_Driver/Inc/Legacy -I../Drivers/STM32F1xx_HAL_Driver/Inc -I../Drivers/CMSIS/Device/ST/STM32F1xx/Include -I../Drivers/CMSIS/Include -O0 -ffunction-sections -fdata-sections -Wall -fstack-usage -fcyclomatic-complexity -MMD -MP -MF"Core/Src/main.d" -MT"Core/Src/main.o" --specs=nano.specs -mfloat-abi=soft -mthumb -o "Core/Src/main.o"
arm-none-eabi-gcc "../Core/Src/stm32f1xx_hal_msp.c" -mcpu=cortex-m3 -std=gnu11 -g3 -DDEBUG -DUSE_HAL_DRIVER -DSTM32F103xB -c -I../Core/Inc -I../Drivers/STM32F1xx_HAL_Driver/Inc/Legacy -I../Drivers/STM32F1xx_HAL_Driver/Inc -I../Drivers/CMSIS/Device/ST/STM32F1xx/Include -I../Drivers/CMSIS/Include -O0 -ffunction-sections -fdata-sections -Wall -fstack-usage -fcyclomatic-complexity -MMD -MP -MF"Core/Src/stm32f1xx_hal_msp.d" -MT"Core/Src/stm32f1xx_hal_msp.o" --specs=nano.specs -mfloat-abi=soft -mthumb -o "Core/Src/stm32f1xx_hal_msp.o"
arm-none-eabi-gcc "../Core/Src/stm32f1xx_it.c" -mcpu=cortex-m3 -std=gnu11 -g3 -DDEBUG -DUSE_HAL_DRIVER -DSTM32F103xB -c -I../Core/Inc -I../Drivers/STM32F1xx_HAL_Driver/Inc/Legacy -I../Drivers/STM32F1xx_HAL_Driver/Inc -I../Drivers/CMSIS/Device/ST/STM32F1xx/Include -I../Drivers/CMSIS/Include -O0 -ffunction-sections -fdata-sections -Wall -fstack-usage -fcyclomatic-complexity -MMD -MP -MF"Core/Src/stm32f1xx_it.d" -MT"Core/Src/stm32f1xx_it.o" --specs=nano.specs -mfloat-abi=soft -mthumb -o "Core/Src/stm32f1xx_it.o"
../Core/Src/main.c: In function 'HAL_CAN_RxFifo0MsgPendingCallback':
../Core/Src/main.c:83:33: warning: passing argument 1 of 'HAL_CAN_GetRxMessage' from incompatible pointer type [-Wincompatible-pointer-types]
   83 |         if(HAL_CAN_GetRxMessage(&hcan, CAN_RX_FIFO0, &RxHeader, receivedData)==HAL_OK){
      |                                 ^~~~~
      |                                 |
      |                                 CAN_HandleTypeDef **
In file included from ../Core/Inc/stm32f1xx_hal_conf.h:258,
                 from ../Drivers/STM32F1xx_HAL_Driver/Inc/stm32f1xx_hal.h:29,
                 from ../Core/Inc/main.h:30,
                 from ../Core/Src/main.c:20:
../Drivers/STM32F1xx_HAL_Driver/Inc/stm32f1xx_hal_can.h:694:59: note: expected 'CAN_HandleTypeDef *' but argument is of type 'CAN_HandleTypeDef **'
  694 | HAL_StatusTypeDef HAL_CAN_GetRxMessage(CAN_HandleTypeDef *hcan, uint32_t RxFifo,
      |                                        ~~~~~~~~~~~~~~~~~~~^~~~
../Core/Src/main.c:88:102: error: 'RxData' undeclared (first use in this function)
   88 |                                                          RxHeader.StdId, RxHeader.RTR, RxHeader.DLC, RxData[7], RxData[6], RxData[5], RxData[4], RxData[3], RxData[2], RxData[1], RxData[0]);
      |                                                                                                      ^~~~~~
../Core/Src/main.c:88:102: note: each undeclared identifier is reported only once for each function it appears in
make: *** [Core/Src/subdir.mk:34: Core/Src/main.o] Error 1
make: *** Waiting for unfinished jobs....
"make -j16 all" terminated with exit code 2. Build might be incomplete.
15:32:13 **** Incremental Build of configuration Debug for project Bluepill_mcp2551_Receiver ****
make -j16 all 
arm-none-eabi-gcc "../Core/Src/main.c" -mcpu=cortex-m3 -std=gnu11 -g3 -DDEBUG -DUSE_HAL_DRIVER -DSTM32F103xB -c -I../Core/Inc -I../Drivers/STM32F1xx_HAL_Driver/Inc/Legacy -I../Drivers/STM32F1xx_HAL_Driver/Inc -I../Drivers/CMSIS/Device/ST/STM32F1xx/Include -I../Drivers/CMSIS/Include -O0 -ffunction-sections -fdata-sections -Wall -fstack-usage -fcyclomatic-complexity -MMD -MP -MF"Core/Src/main.d" -MT"Core/Src/main.o" --specs=nano.specs -mfloat-abi=soft -mthumb -o "Core/Src/main.o"
arm-none-eabi-gcc "../Core/Src/syscalls.c" -mcpu=cortex-m3 -std=gnu11 -g3 -DDEBUG -DUSE_HAL_DRIVER -DSTM32F103xB -c -I../Core/Inc -I../Drivers/STM32F1xx_HAL_Driver/Inc/Legacy -I../Drivers/STM32F1xx_HAL_Driver/Inc -I../Drivers/CMSIS/Device/ST/STM32F1xx/Include -I../Drivers/CMSIS/Include -O0 -ffunction-sections -fdata-sections -Wall -fstack-usage -fcyclomatic-complexity -MMD -MP -MF"Core/Src/syscalls.d" -MT"Core/Src/syscalls.o" --specs=nano.specs -mfloat-abi=soft -mthumb -o "Core/Src/syscalls.o"
arm-none-eabi-gcc "../Core/Src/sysmem.c" -mcpu=cortex-m3 -std=gnu11 -g3 -DDEBUG -DUSE_HAL_DRIVER -DSTM32F103xB -c -I../Core/Inc -I../Drivers/STM32F1xx_HAL_Driver/Inc/Legacy -I../Drivers/STM32F1xx_HAL_Driver/Inc -I../Drivers/CMSIS/Device/ST/STM32F1xx/Include -I../Drivers/CMSIS/Include -O0 -ffunction-sections -fdata-sections -Wall -fstack-usage -fcyclomatic-complexity -MMD -MP -MF"Core/Src/sysmem.d" -MT"Core/Src/sysmem.o" --specs=nano.specs -mfloat-abi=soft -mthumb -o "Core/Src/sysmem.o"
arm-none-eabi-gcc "../Core/Src/system_stm32f1xx.c" -mcpu=cortex-m3 -std=gnu11 -g3 -DDEBUG -DUSE_HAL_DRIVER -DSTM32F103xB -c -I../Core/Inc -I../Drivers/STM32F1xx_HAL_Driver/Inc/Legacy -I../Drivers/STM32F1xx_HAL_Driver/Inc -I../Drivers/CMSIS/Device/ST/STM32F1xx/Include -I../Drivers/CMSIS/Include -O0 -ffunction-sections -fdata-sections -Wall -fstack-usage -fcyclomatic-complexity -MMD -MP -MF"Core/Src/system_stm32f1xx.d" -MT"Core/Src/system_stm32f1xx.o" --specs=nano.specs -mfloat-abi=soft -mthumb -o "Core/Src/system_stm32f1xx.o"
../Core/Src/main.c: In function 'HAL_CAN_RxFifo0MsgPendingCallback':
../Core/Src/main.c:83:33: warning: passing argument 1 of 'HAL_CAN_GetRxMessage' from incompatible pointer type [-Wincompatible-pointer-types]
   83 |         if(HAL_CAN_GetRxMessage(&hcan, CAN_RX_FIFO0, &RxHeader, receivedData)==HAL_OK){
      |                                 ^~~~~
      |                                 |
      |                                 CAN_HandleTypeDef **
In file included from ../Core/Inc/stm32f1xx_hal_conf.h:258,
                 from ../Drivers/STM32F1xx_HAL_Driver/Inc/stm32f1xx_hal.h:29,
                 from ../Core/Inc/main.h:30,
                 from ../Core/Src/main.c:20:
../Drivers/STM32F1xx_HAL_Driver/Inc/stm32f1xx_hal_can.h:694:59: note: expected 'CAN_HandleTypeDef *' but argument is of type 'CAN_HandleTypeDef **'
  694 | HAL_StatusTypeDef HAL_CAN_GetRxMessage(CAN_HandleTypeDef *hcan, uint32_t RxFifo,
      |                                        ~~~~~~~~~~~~~~~~~~~^~~~
arm-none-eabi-gcc -o "Bluepill_mcp2551_Receiver.elf" @"objects.list"   -mcpu=cortex-m3 -T"C:\Users\Jagakishan\STM32CubeIDE\workspace_1.18.0\Bluepill_mcp2551_Receiver\STM32F103C8TX_FLASH.ld" --specs=nosys.specs -Wl,-Map="Bluepill_mcp2551_Receiver.map" -Wl,--gc-sections -static --specs=nano.specs -mfloat-abi=soft -mthumb -Wl,--start-group -lc -lm -Wl,--end-group
Finished building target: Bluepill_mcp2551_Receiver.elf
 
arm-none-eabi-size  Bluepill_mcp2551_Receiver.elf 
arm-none-eabi-objdump -h -S Bluepill_mcp2551_Receiver.elf  > "Bluepill_mcp2551_Receiver.list"
arm-none-eabi-objcopy  -O ihex Bluepill_mcp2551_Receiver.elf  "Bluepill_mcp2551_Receiver.hex"
   text	   data	    bss	    dec	    hex	filename
  12920	    104	   2096	  15120	   3b10	Bluepill_mcp2551_Receiver.elf
Finished building: default.size.stdout
 
Finished building: Bluepill_mcp2551_Receiver.hex
 
Finished building: Bluepill_mcp2551_Receiver.list
 
15:32:32 **** Incremental Build of configuration Debug for project Bluepill_mcp2551_Receiver ****
make -j16 all 
arm-none-eabi-gcc "../Core/Src/main.c" -mcpu=cortex-m3 -std=gnu11 -g3 -DDEBUG -DUSE_HAL_DRIVER -DSTM32F103xB -c -I../Core/Inc -I../Drivers/STM32F1xx_HAL_Driver/Inc/Legacy -I../Drivers/STM32F1xx_HAL_Driver/Inc -I../Drivers/CMSIS/Device/ST/STM32F1xx/Include -I../Drivers/CMSIS/Include -O0 -ffunction-sections -fdata-sections -Wall -fstack-usage -fcyclomatic-complexity -MMD -MP -MF"Core/Src/main.d" -MT"Core/Src/main.o" --specs=nano.specs -mfloat-abi=soft -mthumb -o "Core/Src/main.o"
arm-none-eabi-gcc -o "Bluepill_mcp2551_Receiver.elf" @"objects.list"   -mcpu=cortex-m3 -T"C:\Users\Jagakishan\STM32CubeIDE\workspace_1.18.0\Bluepill_mcp2551_Receiver\STM32F103C8TX_FLASH.ld" --specs=nosys.specs -Wl,-Map="Bluepill_mcp2551_Receiver.map" -Wl,--gc-sections -static --specs=nano.specs -mfloat-abi=soft -mthumb -Wl,--start-group -lc -lm -Wl,--end-group
Finished building target: Bluepill_mcp2551_Receiver.elf
 
arm-none-eabi-size  Bluepill_mcp2551_Receiver.elf 
arm-none-eabi-objdump -h -S Bluepill_mcp2551_Receiver.elf  > "Bluepill_mcp2551_Receiver.list"
arm-none-eabi-objcopy  -O ihex Bluepill_mcp2551_Receiver.elf  "Bluepill_mcp2551_Receiver.hex"
   text	   data	    bss	    dec	    hex	filename
  12916	    104	   2096	  15116	   3b0c	Bluepill_mcp2551_Receiver.elf
Finished building: default.size.stdout
 
Finished building: Bluepill_mcp2551_Receiver.hex
 
Finished building: Bluepill_mcp2551_Receiver.list
 
15:48:18 **** Build of configuration Debug for project Blackpill_405xx_0 ****
make -j16 all 
arm-none-eabi-size  Blackpill_405xx_0.elf 
   text	   data	    bss	    dec	    hex	filename
  17752	     12	   1956	  19720	   4d08	Blackpill_405xx_0.elf
Finished building: default.size.stdout
 
15:48:18 **** Build of configuration Debug for project Blackpill_405xx_1 ****
make -j16 all 
arm-none-eabi-size  Blackpill_405xx_1.elf 
   text	   data	    bss	    dec	    hex	filename
  11148	     12	   2156	  13316	   3404	Blackpill_405xx_1.elf
Finished building: default.size.stdout
 
15:48:19 **** Incremental Build of configuration Debug for project Bluepill_0 ****
make -j16 all 
arm-none-eabi-size  Bluepill_0.elf 
   text	   data	    bss	    dec	    hex	filename
   4580	     12	   1572	   6164	   1814	Bluepill_0.elf
Finished building: default.size.stdout
 
15:48:19 **** Build of configuration Debug for project Bluepill_1 ****
make -j16 all 
arm-none-eabi-size  Bluepill_1.elf 
   text	   data	    bss	    dec	    hex	filename
   4908	     12	   1572	   6492	   195c	Bluepill_1.elf
Finished building: default.size.stdout
 
15:48:20 **** Build of configuration Debug for project Bluepill_1.1 ****
make -j16 all 
arm-none-eabi-size  Bluepill_1.1.elf 
   text	   data	    bss	    dec	    hex	filename
   7108	     20	   1644	   8772	   2244	Bluepill_1.1.elf
Finished building: default.size.stdout
 
15:48:20 **** Build of configuration Debug for project Bluepill_2 ****
make -j16 all 
arm-none-eabi-size  Bluepill_2.elf 
   text	   data	    bss	    dec	    hex	filename
   7012	     12	   1644	   8668	   21dc	Bluepill_2.elf
Finished building: default.size.stdout
 
15:48:20 **** Build of configuration Debug for project Bluepill_3 ****
make -j16 all 
arm-none-eabi-size  Bluepill_3.elf 
   text	   data	    bss	    dec	    hex	filename
   8660	     12	   1644	  10316	   284c	Bluepill_3.elf
Finished building: default.size.stdout
 
15:48:21 **** Build of configuration Debug for project Bluepill_4 ****
make -j16 all 
arm-none-eabi-size  Bluepill_4.elf 
   text	   data	    bss	    dec	    hex	filename
  16356	     12	   1916	  18284	   476c	Bluepill_4.elf
Finished building: default.size.stdout
 
15:48:21 **** Build of configuration Debug for project Bluepill_5 ****
make -j16 all 
arm-none-eabi-size  Bluepill_5.elf 
   text	   data	    bss	    dec	    hex	filename
  13792	    100	   2380	  16272	   3f90	Bluepill_5.elf
Finished building: default.size.stdout
 
15:48:21 **** Build of configuration Debug for project Bluepill_6 ****
make -j16 all 
arm-none-eabi-size  Bluepill_6.elf 
   text	   data	    bss	    dec	    hex	filename
  10016	     16	   1744	  11776	   2e00	Bluepill_6.elf
Finished building: default.size.stdout
 
15:48:22 **** Build of configuration Debug for project Bluepill_BMP280 ****
make -j16 all 
arm-none-eabi-size  Bluepill_BMP280.elf 
   text	   data	    bss	    dec	    hex	filename
  18232	    104	   2104	  20440	   4fd8	Bluepill_BMP280.elf
Finished building: default.size.stdout
 
15:48:22 **** Build of configuration Debug for project Bluepill_CAN_loopback ****
make -j16 all 
arm-none-eabi-gcc -o "Bluepill_CAN_loopback.elf" @"objects.list"   -mcpu=cortex-m3 -T"C:\Users\Jagakishan\STM32CubeIDE\workspace_1.18.0\Bluepill_CAN_loopback\STM32F103C8TX_FLASH.ld" --specs=nosys.specs -Wl,-Map="Bluepill_CAN_loopback.map" -Wl,--gc-sections -static --specs=nano.specs -mfloat-abi=soft -mthumb -Wl,--start-group -lc -lm -Wl,--end-group
Finished building target: Bluepill_CAN_loopback.elf
 
arm-none-eabi-size  Bluepill_CAN_loopback.elf 
arm-none-eabi-objdump -h -S Bluepill_CAN_loopback.elf  > "Bluepill_CAN_loopback.list"
arm-none-eabi-objcopy  -O ihex Bluepill_CAN_loopback.elf  "Bluepill_CAN_loopback.hex"
   text	   data	    bss	    dec	    hex	filename
  15240	    112	   2080	  17432	   4418	Bluepill_CAN_loopback.elf
Finished building: default.size.stdout
 
Finished building: Bluepill_CAN_loopback.hex
 
Finished building: Bluepill_CAN_loopback.list
 
15:48:23 **** Build of configuration Debug for project Bluepill_PWM ****
make -j16 all 
arm-none-eabi-size  Bluepill_PWM.elf 
   text	   data	    bss	    dec	    hex	filename
  13948	    104	   2048	  16100	   3ee4	Bluepill_PWM.elf
Finished building: default.size.stdout
 
15:48:23 **** Build of configuration Debug for project Bluepill_Potentiometer ****
make -j16 all 
arm-none-eabi-gcc "../Core/Src/main.c" -mcpu=cortex-m3 -std=gnu11 -g3 -DDEBUG -DUSE_HAL_DRIVER -DSTM32F103xB -c -I../Core/Inc -I../Drivers/STM32F1xx_HAL_Driver/Inc/Legacy -I../Drivers/STM32F1xx_HAL_Driver/Inc -I../Drivers/CMSIS/Device/ST/STM32F1xx/Include -I../Drivers/CMSIS/Include -O0 -ffunction-sections -fdata-sections -Wall -fstack-usage -fcyclomatic-complexity -MMD -MP -MF"Core/Src/main.d" -MT"Core/Src/main.o" --specs=nano.specs -mfloat-abi=soft -mthumb -o "Core/Src/main.o"
arm-none-eabi-gcc -o "Bluepill_Potentiometer.elf" @"objects.list"   -mcpu=cortex-m3 -T"C:\Users\Jagakishan\STM32CubeIDE\workspace_1.18.0\Bluepill_Potentiometer\STM32F103C8TX_FLASH.ld" --specs=nosys.specs -Wl,-Map="Bluepill_Potentiometer.map" -Wl,--gc-sections -static --specs=nano.specs -mfloat-abi=soft -mthumb -u _printf_float -Wl,--start-group -lc -lm -Wl,--end-group
Finished building target: Bluepill_Potentiometer.elf
 
arm-none-eabi-size  Bluepill_Potentiometer.elf 
arm-none-eabi-objdump -h -S Bluepill_Potentiometer.elf  > "Bluepill_Potentiometer.list"
arm-none-eabi-objcopy  -O ihex Bluepill_Potentiometer.elf  "Bluepill_Potentiometer.hex"
   text	   data	    bss	    dec	    hex	filename
  28556	    468	   2172	  31196	   79dc	Bluepill_Potentiometer.elf
Finished building: default.size.stdout
 
Finished building: Bluepill_Potentiometer.hex
 
Finished building: Bluepill_Potentiometer.list
 
15:48:25 **** Build of configuration Debug for project Bluepill_W25Q32 ****
make -j16 all 
arm-none-eabi-size  Bluepill_W25Q32.elf 
   text	   data	    bss	    dec	    hex	filename
  14448	    104	   2064	  16616	   40e8	Bluepill_W25Q32.elf
Finished building: default.size.stdout
 
15:48:25 **** Build of configuration Debug for project Bluepill_flash ****
make -j16 all 
arm-none-eabi-size  Bluepill_flash.elf 
   text	   data	    bss	    dec	    hex	filename
  34592	    472	   6448	  41512	   a228	Bluepill_flash.elf
Finished building: default.size.stdout
 
15:48:26 **** Incremental Build of configuration Debug for project Bluepill_mcp2551_Receiver ****
make -j16 all 
arm-none-eabi-size  Bluepill_mcp2551_Receiver.elf 
   text	   data	    bss	    dec	    hex	filename
  12916	    104	   2096	  15116	   3b0c	Bluepill_mcp2551_Receiver.elf
Finished building: default.size.stdout
 
15:48:26 **** Incremental Build of configuration Debug for project Bluepill_mcp2551_Transmiter ****
make -j16 all 
arm-none-eabi-size  Bluepill_mcp2551_Transmiter.elf 
   text	   data	    bss	    dec	    hex	filename
  12788	    112	   2080	  14980	   3a84	Bluepill_mcp2551_Transmiter.elf
Finished building: default.size.stdout
 
15:48:27 **** Build of configuration Debug for project Bluepill_serialprint ****
make -j16 all 
arm-none-eabi-size  Bluepill_serialprint.elf 
   text	   data	    bss	    dec	    hex	filename
  10304	    104	   1976	  12384	   3060	Bluepill_serialprint.elf
Finished building: default.size.stdout
 
15:48:27 **** Build of configuration Debug for project Bluepill_sinePWM ****
make -j16 all 
arm-none-eabi-size  Bluepill_sinePWM.elf 
   text	   data	    bss	    dec	    hex	filename
  21996	    104	   2176	  24276	   5ed4	Bluepill_sinePWM.elf
Finished building: default.size.stdout
 
15:48:27 **** Build of configuration Debug for project Bluepill_usbprint ****
make -j16 all 
arm-none-eabi-size  Bluepill_usbprint.elf 
   text	   data	    bss	    dec	    hex	filename
  34388	    472	   6448	  41308	   a15c	Bluepill_usbprint.elf
Finished building: default.size.stdout
 
15:48:28 **** Build of configuration Debug for project MiniOS_0 ****
make -j16 all 
arm-none-eabi-size  MiniOS_0.elf 
   text	   data	    bss	    dec	    hex	filename
  30460	    548	   2420	  33428	   8294	MiniOS_0.elf
Finished building: default.size.stdout
 
15:48:36 **** Incremental Build of configuration Debug for project Bluepill_mcp2551_Receiver ****
make -j16 all 
arm-none-eabi-size  Bluepill_mcp2551_Receiver.elf 
   text	   data	    bss	    dec	    hex	filename
  12916	    104	   2096	  15116	   3b0c	Bluepill_mcp2551_Receiver.elf
Finished building: default.size.stdout
 
21:07:28 **** Incremental Build of configuration Debug for project Bluepill_mcp2551_Receiver ****
make -j16 all 
arm-none-eabi-gcc "../Core/Src/main.c" -mcpu=cortex-m3 -std=gnu11 -g3 -DDEBUG -DUSE_HAL_DRIVER -DSTM32F103xB -c -I../Core/Inc -I../Drivers/STM32F1xx_HAL_Driver/Inc/Legacy -I../Drivers/STM32F1xx_HAL_Driver/Inc -I../Drivers/CMSIS/Device/ST/STM32F1xx/Include -I../Drivers/CMSIS/Include -O0 -ffunction-sections -fdata-sections -Wall -fstack-usage -fcyclomatic-complexity -MMD -MP -MF"Core/Src/main.d" -MT"Core/Src/main.o" --specs=nano.specs -mfloat-abi=soft -mthumb -o "Core/Src/main.o"
arm-none-eabi-gcc -o "Bluepill_mcp2551_Receiver.elf" @"objects.list"   -mcpu=cortex-m3 -T"C:\Users\Jagakishan\STM32CubeIDE\workspace_1.18.0\Bluepill_mcp2551_Receiver\STM32F103C8TX_FLASH.ld" --specs=nosys.specs -Wl,-Map="Bluepill_mcp2551_Receiver.map" -Wl,--gc-sections -static --specs=nano.specs -mfloat-abi=soft -mthumb -Wl,--start-group -lc -lm -Wl,--end-group
Finished building target: Bluepill_mcp2551_Receiver.elf
 
arm-none-eabi-size  Bluepill_mcp2551_Receiver.elf 
arm-none-eabi-objdump -h -S Bluepill_mcp2551_Receiver.elf  > "Bluepill_mcp2551_Receiver.list"
arm-none-eabi-objcopy  -O ihex Bluepill_mcp2551_Receiver.elf  "Bluepill_mcp2551_Receiver.hex"
   text	   data	    bss	    dec	    hex	filename
  13464	    104	   2096	  15664	   3d30	Bluepill_mcp2551_Receiver.elf
Finished building: default.size.stdout
 
Finished building: Bluepill_mcp2551_Receiver.hex
 
Finished building: Bluepill_mcp2551_Receiver.list
 
21:35:55 **** Incremental Build of configuration Debug for project Bluepill_mcp2551_Transmiter ****
make -j16 all 
arm-none-eabi-gcc "../Core/Src/main.c" -mcpu=cortex-m3 -std=gnu11 -g3 -DDEBUG -DUSE_HAL_DRIVER -DSTM32F103xB -c -I../Core/Inc -I../Drivers/STM32F1xx_HAL_Driver/Inc/Legacy -I../Drivers/STM32F1xx_HAL_Driver/Inc -I../Drivers/CMSIS/Device/ST/STM32F1xx/Include -I../Drivers/CMSIS/Include -O0 -ffunction-sections -fdata-sections -Wall -fstack-usage -fcyclomatic-complexity -MMD -MP -MF"Core/Src/main.d" -MT"Core/Src/main.o" --specs=nano.specs -mfloat-abi=soft -mthumb -o "Core/Src/main.o"
arm-none-eabi-gcc -o "Bluepill_mcp2551_Transmiter.elf" @"objects.list"   -mcpu=cortex-m3 -T"C:\Users\Jagakishan\STM32CubeIDE\workspace_1.18.0\Bluepill_CAN_Transmiter\STM32F103C8TX_FLASH.ld" --specs=nosys.specs -Wl,-Map="Bluepill_mcp2551_Transmiter.map" -Wl,--gc-sections -static --specs=nano.specs -mfloat-abi=soft -mthumb -Wl,--start-group -lc -lm -Wl,--end-group
Finished building target: Bluepill_mcp2551_Transmiter.elf
 
arm-none-eabi-size  Bluepill_mcp2551_Transmiter.elf 
arm-none-eabi-objdump -h -S Bluepill_mcp2551_Transmiter.elf  > "Bluepill_mcp2551_Transmiter.list"
arm-none-eabi-objcopy  -O ihex Bluepill_mcp2551_Transmiter.elf  "Bluepill_mcp2551_Transmiter.hex"
   text	   data	    bss	    dec	    hex	filename
  13348	    112	   2080	  15540	   3cb4	Bluepill_mcp2551_Transmiter.elf
Finished building: default.size.stdout
 
Finished building: Bluepill_mcp2551_Transmiter.hex
 
Finished building: Bluepill_mcp2551_Transmiter.list
 
21:41:49 **** Incremental Build of configuration Debug for project Bluepill_mcp2551_Receiver ****
make -j16 all 
arm-none-eabi-gcc "../Core/Src/main.c" -mcpu=cortex-m3 -std=gnu11 -g3 -DDEBUG -DUSE_HAL_DRIVER -DSTM32F103xB -c -I../Core/Inc -I../Drivers/STM32F1xx_HAL_Driver/Inc/Legacy -I../Drivers/STM32F1xx_HAL_Driver/Inc -I../Drivers/CMSIS/Device/ST/STM32F1xx/Include -I../Drivers/CMSIS/Include -O0 -ffunction-sections -fdata-sections -Wall -fstack-usage -fcyclomatic-complexity -MMD -MP -MF"Core/Src/main.d" -MT"Core/Src/main.o" --specs=nano.specs -mfloat-abi=soft -mthumb -o "Core/Src/main.o"
../Core/Src/main.c: In function 'main':
../Core/Src/main.c:144:33: error: 'hcan1' undeclared (first use in this function); did you mean 'hcan'?
  144 |   HAL_CAN_ActivateNotification(&hcan1, CAN_IT_RX_FIFO0_MSG_PENDING);
      |                                 ^~~~~
      |                                 hcan
../Core/Src/main.c:144:33: note: each undeclared identifier is reported only once for each function it appears in
make: *** [Core/Src/subdir.mk:34: Core/Src/main.o] Error 1
"make -j16 all" terminated with exit code 2. Build might be incomplete.
21:42:00 **** Incremental Build of configuration Debug for project Bluepill_mcp2551_Receiver ****
make -j16 all 
arm-none-eabi-gcc "../Core/Src/main.c" -mcpu=cortex-m3 -std=gnu11 -g3 -DDEBUG -DUSE_HAL_DRIVER -DSTM32F103xB -c -I../Core/Inc -I../Drivers/STM32F1xx_HAL_Driver/Inc/Legacy -I../Drivers/STM32F1xx_HAL_Driver/Inc -I../Drivers/CMSIS/Device/ST/STM32F1xx/Include -I../Drivers/CMSIS/Include -O0 -ffunction-sections -fdata-sections -Wall -fstack-usage -fcyclomatic-complexity -MMD -MP -MF"Core/Src/main.d" -MT"Core/Src/main.o" --specs=nano.specs -mfloat-abi=soft -mthumb -o "Core/Src/main.o"
arm-none-eabi-gcc -o "Bluepill_mcp2551_Receiver.elf" @"objects.list"   -mcpu=cortex-m3 -T"C:\Users\Jagakishan\STM32CubeIDE\workspace_1.18.0\Bluepill_mcp2551_Receiver\STM32F103C8TX_FLASH.ld" --specs=nosys.specs -Wl,-Map="Bluepill_mcp2551_Receiver.map" -Wl,--gc-sections -static --specs=nano.specs -mfloat-abi=soft -mthumb -Wl,--start-group -lc -lm -Wl,--end-group
Finished building target: Bluepill_mcp2551_Receiver.elf
 
arm-none-eabi-size  Bluepill_mcp2551_Receiver.elf 
arm-none-eabi-objdump -h -S Bluepill_mcp2551_Receiver.elf  > "Bluepill_mcp2551_Receiver.list"
arm-none-eabi-objcopy  -O ihex Bluepill_mcp2551_Receiver.elf  "Bluepill_mcp2551_Receiver.hex"
   text	   data	    bss	    dec	    hex	filename
  13548	    104	   2096	  15748	   3d84	Bluepill_mcp2551_Receiver.elf
Finished building: default.size.stdout
 
Finished building: Bluepill_mcp2551_Receiver.hex
 
Finished building: Bluepill_mcp2551_Receiver.list
 
