11:19:12 **** Incremental Build of configuration Debug for project Bluepill_Potentiometer ****
make -j16 all 
arm-none-eabi-gcc -o "Bluepill_Potentiometer.elf" @"objects.list"   -mcpu=cortex-m3 -T"C:\Users\Jagakishan\STM32CubeIDE\workspace_1.18.0\Bluepill_Potentiometer\STM32F103C8TX_FLASH.ld" --specs=nosys.specs -Wl,-Map="Bluepill_Potentiometer.map" -Wl,--gc-sections -static --specs=nano.specs -mfloat-abi=soft -mthumb -Wl,--start-group -lc -lm -Wl,--end-group
Finished building target: Bluepill_Potentiometer.elf
 
arm-none-eabi-size  Bluepill_Potentiometer.elf 
arm-none-eabi-objdump -h -S Bluepill_Potentiometer.elf  > "Bluepill_Potentiometer.list"
arm-none-eabi-objcopy  -O ihex Bluepill_Potentiometer.elf  "Bluepill_Potentiometer.hex"
   text	   data	    bss	    dec	    hex	filename
  11848	    104	   2024	  13976	   3698	Bluepill_Potentiometer.elf
Finished building: default.size.stdout
 
Finished building: Bluepill_Potentiometer.hex
 
Finished building: Bluepill_Potentiometer.list
 
11:22:40 **** Incremental Build of configuration Debug for project Bluepill_Potentiometer ****
make -j16 all 
arm-none-eabi-gcc "../Core/Src/main.c" -mcpu=cortex-m3 -std=gnu11 -g3 -DDEBUG -DUSE_HAL_DRIVER -DSTM32F103xB -c -I../Core/Inc -I../Drivers/STM32F1xx_HAL_Driver/Inc/Legacy -I../Drivers/STM32F1xx_HAL_Driver/Inc -I../Drivers/CMSIS/Device/ST/STM32F1xx/Include -I../Drivers/CMSIS/Include -O0 -ffunction-sections -fdata-sections -Wall -fstack-usage -fcyclomatic-complexity -MMD -MP -MF"Core/Src/main.d" -MT"Core/Src/main.o" --specs=nano.specs -mfloat-abi=soft -mthumb -o "Core/Src/main.o"
arm-none-eabi-gcc -o "Bluepill_Potentiometer.elf" @"objects.list"   -mcpu=cortex-m3 -T"C:\Users\Jagakishan\STM32CubeIDE\workspace_1.18.0\Bluepill_Potentiometer\STM32F103C8TX_FLASH.ld" --specs=nosys.specs -Wl,-Map="Bluepill_Potentiometer.map" -Wl,--gc-sections -static --specs=nano.specs -mfloat-abi=soft -mthumb -Wl,--start-group -lc -lm -Wl,--end-group
Finished building target: Bluepill_Potentiometer.elf
 
arm-none-eabi-size  Bluepill_Potentiometer.elf 
arm-none-eabi-objdump -h -S Bluepill_Potentiometer.elf  > "Bluepill_Potentiometer.list"
arm-none-eabi-objcopy  -O ihex Bluepill_Potentiometer.elf  "Bluepill_Potentiometer.hex"
   text	   data	    bss	    dec	    hex	filename
  11848	    104	   2024	  13976	   3698	Bluepill_Potentiometer.elf
Finished building: default.size.stdout
 
Finished building: Bluepill_Potentiometer.hex
 
Finished building: Bluepill_Potentiometer.list
 
11:24:04 **** Incremental Build of configuration Debug for project Bluepill_Potentiometer ****
make -j16 all 
arm-none-eabi-gcc "../Core/Src/main.c" -mcpu=cortex-m3 -std=gnu11 -g3 -DDEBUG -DUSE_HAL_DRIVER -DSTM32F103xB -c -I../Core/Inc -I../Drivers/STM32F1xx_HAL_Driver/Inc/Legacy -I../Drivers/STM32F1xx_HAL_Driver/Inc -I../Drivers/CMSIS/Device/ST/STM32F1xx/Include -I../Drivers/CMSIS/Include -O0 -ffunction-sections -fdata-sections -Wall -fstack-usage -fcyclomatic-complexity -MMD -MP -MF"Core/Src/main.d" -MT"Core/Src/main.o" --specs=nano.specs -mfloat-abi=soft -mthumb -o "Core/Src/main.o"
arm-none-eabi-gcc -o "Bluepill_Potentiometer.elf" @"objects.list"   -mcpu=cortex-m3 -T"C:\Users\Jagakishan\STM32CubeIDE\workspace_1.18.0\Bluepill_Potentiometer\STM32F103C8TX_FLASH.ld" --specs=nosys.specs -Wl,-Map="Bluepill_Potentiometer.map" -Wl,--gc-sections -static --specs=nano.specs -mfloat-abi=soft -mthumb -Wl,--start-group -lc -lm -Wl,--end-group
Finished building target: Bluepill_Potentiometer.elf
 
arm-none-eabi-size  Bluepill_Potentiometer.elf 
arm-none-eabi-objdump -h -S Bluepill_Potentiometer.elf  > "Bluepill_Potentiometer.list"
arm-none-eabi-objcopy  -O ihex Bluepill_Potentiometer.elf  "Bluepill_Potentiometer.hex"
   text	   data	    bss	    dec	    hex	filename
  11848	    104	   2024	  13976	   3698	Bluepill_Potentiometer.elf
Finished building: default.size.stdout
 
Finished building: Bluepill_Potentiometer.hex
 
Finished building: Bluepill_Potentiometer.list
 
11:24:24 **** Incremental Build of configuration Debug for project Bluepill_Potentiometer ****
make -j16 all 
arm-none-eabi-gcc "../Core/Src/main.c" -mcpu=cortex-m3 -std=gnu11 -g3 -DDEBUG -DUSE_HAL_DRIVER -DSTM32F103xB -c -I../Core/Inc -I../Drivers/STM32F1xx_HAL_Driver/Inc/Legacy -I../Drivers/STM32F1xx_HAL_Driver/Inc -I../Drivers/CMSIS/Device/ST/STM32F1xx/Include -I../Drivers/CMSIS/Include -O0 -ffunction-sections -fdata-sections -Wall -fstack-usage -fcyclomatic-complexity -MMD -MP -MF"Core/Src/main.d" -MT"Core/Src/main.o" --specs=nano.specs -mfloat-abi=soft -mthumb -o "Core/Src/main.o"
arm-none-eabi-gcc -o "Bluepill_Potentiometer.elf" @"objects.list"   -mcpu=cortex-m3 -T"C:\Users\Jagakishan\STM32CubeIDE\workspace_1.18.0\Bluepill_Potentiometer\STM32F103C8TX_FLASH.ld" --specs=nosys.specs -Wl,-Map="Bluepill_Potentiometer.map" -Wl,--gc-sections -static --specs=nano.specs -mfloat-abi=soft -mthumb -Wl,--start-group -lc -lm -Wl,--end-group
Finished building target: Bluepill_Potentiometer.elf
 
arm-none-eabi-size  Bluepill_Potentiometer.elf 
arm-none-eabi-objdump -h -S Bluepill_Potentiometer.elf  > "Bluepill_Potentiometer.list"
arm-none-eabi-objcopy  -O ihex Bluepill_Potentiometer.elf  "Bluepill_Potentiometer.hex"
   text	   data	    bss	    dec	    hex	filename
  11848	    104	   2024	  13976	   3698	Bluepill_Potentiometer.elf
Finished building: default.size.stdout
 
Finished building: Bluepill_Potentiometer.hex
 
Finished building: Bluepill_Potentiometer.list
 
11:28:25 **** Incremental Build of configuration Debug for project Bluepill_Potentiometer ****
make -j16 all 
arm-none-eabi-gcc "../Core/Src/main.c" -mcpu=cortex-m3 -std=gnu11 -g3 -DDEBUG -DUSE_HAL_DRIVER -DSTM32F103xB -c -I../Core/Inc -I../Drivers/STM32F1xx_HAL_Driver/Inc/Legacy -I../Drivers/STM32F1xx_HAL_Driver/Inc -I../Drivers/CMSIS/Device/ST/STM32F1xx/Include -I../Drivers/CMSIS/Include -O0 -ffunction-sections -fdata-sections -Wall -fstack-usage -fcyclomatic-complexity -MMD -MP -MF"Core/Src/main.d" -MT"Core/Src/main.o" --specs=nano.specs -mfloat-abi=soft -mthumb -o "Core/Src/main.o"
arm-none-eabi-gcc -o "Bluepill_Potentiometer.elf" @"objects.list"   -mcpu=cortex-m3 -T"C:\Users\Jagakishan\STM32CubeIDE\workspace_1.18.0\Bluepill_Potentiometer\STM32F103C8TX_FLASH.ld" --specs=nosys.specs -Wl,-Map="Bluepill_Potentiometer.map" -Wl,--gc-sections -static --specs=nano.specs -mfloat-abi=soft -mthumb -Wl,--start-group -lc -lm -Wl,--end-group
Finished building target: Bluepill_Potentiometer.elf
 
arm-none-eabi-size  Bluepill_Potentiometer.elf 
arm-none-eabi-objdump -h -S Bluepill_Potentiometer.elf  > "Bluepill_Potentiometer.list"
arm-none-eabi-objcopy  -O ihex Bluepill_Potentiometer.elf  "Bluepill_Potentiometer.hex"
   text	   data	    bss	    dec	    hex	filename
  11848	    104	   2024	  13976	   3698	Bluepill_Potentiometer.elf
Finished building: default.size.stdout
 
Finished building: Bluepill_Potentiometer.hex
 
Finished building: Bluepill_Potentiometer.list
 
11:33:44 **** Incremental Build of configuration Debug for project Bluepill_Potentiometer ****
make -j16 all 
arm-none-eabi-gcc "../Core/Src/main.c" -mcpu=cortex-m3 -std=gnu11 -g3 -DDEBUG -DUSE_HAL_DRIVER -DSTM32F103xB -c -I../Core/Inc -I../Drivers/STM32F1xx_HAL_Driver/Inc/Legacy -I../Drivers/STM32F1xx_HAL_Driver/Inc -I../Drivers/CMSIS/Device/ST/STM32F1xx/Include -I../Drivers/CMSIS/Include -O0 -ffunction-sections -fdata-sections -Wall -fstack-usage -fcyclomatic-complexity -MMD -MP -MF"Core/Src/main.d" -MT"Core/Src/main.o" --specs=nano.specs -mfloat-abi=soft -mthumb -o "Core/Src/main.o"
arm-none-eabi-gcc -o "Bluepill_Potentiometer.elf" @"objects.list"   -mcpu=cortex-m3 -T"C:\Users\Jagakishan\STM32CubeIDE\workspace_1.18.0\Bluepill_Potentiometer\STM32F103C8TX_FLASH.ld" --specs=nosys.specs -Wl,-Map="Bluepill_Potentiometer.map" -Wl,--gc-sections -static --specs=nano.specs -mfloat-abi=soft -mthumb -Wl,--start-group -lc -lm -Wl,--end-group
Finished building target: Bluepill_Potentiometer.elf
 
arm-none-eabi-size  Bluepill_Potentiometer.elf 
arm-none-eabi-objdump -h -S Bluepill_Potentiometer.elf  > "Bluepill_Potentiometer.list"
arm-none-eabi-objcopy  -O ihex Bluepill_Potentiometer.elf  "Bluepill_Potentiometer.hex"
   text	   data	    bss	    dec	    hex	filename
  15516	    104	   2024	  17644	   44ec	Bluepill_Potentiometer.elf
Finished building: default.size.stdout
 
Finished building: Bluepill_Potentiometer.hex
 
Finished building: Bluepill_Potentiometer.list
 
11:39:01 **** Incremental Build of configuration Debug for project Bluepill_Potentiometer ****
make -j16 all 
arm-none-eabi-gcc "../Core/Src/main.c" -mcpu=cortex-m3 -std=gnu11 -g3 -DDEBUG -DUSE_HAL_DRIVER -DSTM32F103xB -c -I../Core/Inc -I../Drivers/STM32F1xx_HAL_Driver/Inc/Legacy -I../Drivers/STM32F1xx_HAL_Driver/Inc -I../Drivers/CMSIS/Device/ST/STM32F1xx/Include -I../Drivers/CMSIS/Include -O0 -ffunction-sections -fdata-sections -Wall -fstack-usage -fcyclomatic-complexity -MMD -MP -MF"Core/Src/main.d" -MT"Core/Src/main.o" --specs=nano.specs -mfloat-abi=soft -mthumb -o "Core/Src/main.o"
arm-none-eabi-gcc -o "Bluepill_Potentiometer.elf" @"objects.list"   -mcpu=cortex-m3 -T"C:\Users\Jagakishan\STM32CubeIDE\workspace_1.18.0\Bluepill_Potentiometer\STM32F103C8TX_FLASH.ld" --specs=nosys.specs -Wl,-Map="Bluepill_Potentiometer.map" -Wl,--gc-sections -static --specs=nano.specs -mfloat-abi=soft -mthumb -Wl,--start-group -lc -lm -Wl,--end-group
Finished building target: Bluepill_Potentiometer.elf
 
arm-none-eabi-size  Bluepill_Potentiometer.elf 
arm-none-eabi-objdump -h -S Bluepill_Potentiometer.elf  > "Bluepill_Potentiometer.list"
arm-none-eabi-objcopy  -O ihex Bluepill_Potentiometer.elf  "Bluepill_Potentiometer.hex"
   text	   data	    bss	    dec	    hex	filename
  15616	    104	   2024	  17744	   4550	Bluepill_Potentiometer.elf
Finished building: default.size.stdout
 
Finished building: Bluepill_Potentiometer.hex
 
Finished building: Bluepill_Potentiometer.list
 
11:47:51 **** Incremental Build of configuration Debug for project Bluepill_Potentiometer ****
make -j16 all 
arm-none-eabi-gcc "../Core/Src/main.c" -mcpu=cortex-m3 -std=gnu11 -g3 -DDEBUG -DUSE_HAL_DRIVER -DSTM32F103xB -c -I../Core/Inc -I../Drivers/STM32F1xx_HAL_Driver/Inc/Legacy -I../Drivers/STM32F1xx_HAL_Driver/Inc -I../Drivers/CMSIS/Device/ST/STM32F1xx/Include -I../Drivers/CMSIS/Include -O0 -ffunction-sections -fdata-sections -Wall -fstack-usage -fcyclomatic-complexity -MMD -MP -MF"Core/Src/main.d" -MT"Core/Src/main.o" --specs=nano.specs -mfloat-abi=soft -mthumb -o "Core/Src/main.o"
arm-none-eabi-gcc -o "Bluepill_Potentiometer.elf" @"objects.list"   -mcpu=cortex-m3 -T"C:\Users\Jagakishan\STM32CubeIDE\workspace_1.18.0\Bluepill_Potentiometer\STM32F103C8TX_FLASH.ld" --specs=nosys.specs -Wl,-Map="Bluepill_Potentiometer.map" -Wl,--gc-sections -static --specs=nano.specs -mfloat-abi=soft -mthumb -Wl,--start-group -lc -lm -Wl,--end-group
Finished building target: Bluepill_Potentiometer.elf
 
arm-none-eabi-size  Bluepill_Potentiometer.elf 
arm-none-eabi-objdump -h -S Bluepill_Potentiometer.elf  > "Bluepill_Potentiometer.list"
arm-none-eabi-objcopy  -O ihex Bluepill_Potentiometer.elf  "Bluepill_Potentiometer.hex"
   text	   data	    bss	    dec	    hex	filename
  15832	    104	   2024	  17960	   4628	Bluepill_Potentiometer.elf
Finished building: default.size.stdout
 
Finished building: Bluepill_Potentiometer.hex
 
Finished building: Bluepill_Potentiometer.list
 
14:10:13 **** Build of configuration Debug for project Bluepill_Potentiometer ****
make -j16 all 
arm-none-eabi-gcc -o "Bluepill_Potentiometer.elf" @"objects.list"   -mcpu=cortex-m3 -T"C:\Users\Jagakishan\STM32CubeIDE\workspace_1.18.0\Bluepill_Potentiometer\STM32F103C8TX_FLASH.ld" --specs=nosys.specs -Wl,-Map="Bluepill_Potentiometer.map" -Wl,--gc-sections -static --specs=nano.specs -mfloat-abi=soft -mthumb -u _printf_float -Wl,--start-group -lc -lm -Wl,--end-group
Finished building target: Bluepill_Potentiometer.elf
 
arm-none-eabi-size  Bluepill_Potentiometer.elf 
arm-none-eabi-objdump -h -S Bluepill_Potentiometer.elf  > "Bluepill_Potentiometer.list"
arm-none-eabi-objcopy  -O ihex Bluepill_Potentiometer.elf  "Bluepill_Potentiometer.hex"
   text	   data	    bss	    dec	    hex	filename
  25084	    468	   2028	  27580	   6bbc	Bluepill_Potentiometer.elf
Finished building: default.size.stdout
 
Finished building: Bluepill_Potentiometer.hex
 
Finished building: Bluepill_Potentiometer.list
 
14:19:10 **** Incremental Build of configuration Debug for project Bluepill_Potentiometer ****
make -j16 all 
arm-none-eabi-size  Bluepill_Potentiometer.elf 
   text	   data	    bss	    dec	    hex	filename
  25084	    468	   2028	  27580	   6bbc	Bluepill_Potentiometer.elf
Finished building: default.size.stdout
 
14:42:01 **** Incremental Build of configuration Debug for project Bluepill_Potentiometer ****
make -j16 all 
arm-none-eabi-gcc "../Drivers/STM32F1xx_HAL_Driver/Src/stm32f1xx_hal.c" -mcpu=cortex-m3 -std=gnu11 -g3 -DDEBUG -DUSE_HAL_DRIVER -DSTM32F103xB -c -I../Core/Inc -I../Drivers/STM32F1xx_HAL_Driver/Inc/Legacy -I../Drivers/STM32F1xx_HAL_Driver/Inc -I../Drivers/CMSIS/Device/ST/STM32F1xx/Include -I../Drivers/CMSIS/Include -O0 -ffunction-sections -fdata-sections -Wall -fstack-usage -fcyclomatic-complexity -MMD -MP -MF"Drivers/STM32F1xx_HAL_Driver/Src/stm32f1xx_hal.d" -MT"Drivers/STM32F1xx_HAL_Driver/Src/stm32f1xx_hal.o" --specs=nano.specs -mfloat-abi=soft -mthumb -o "Drivers/STM32F1xx_HAL_Driver/Src/stm32f1xx_hal.o"
arm-none-eabi-gcc "../Drivers/STM32F1xx_HAL_Driver/Src/stm32f1xx_hal_adc.c" -mcpu=cortex-m3 -std=gnu11 -g3 -DDEBUG -DUSE_HAL_DRIVER -DSTM32F103xB -c -I../Core/Inc -I../Drivers/STM32F1xx_HAL_Driver/Inc/Legacy -I../Drivers/STM32F1xx_HAL_Driver/Inc -I../Drivers/CMSIS/Device/ST/STM32F1xx/Include -I../Drivers/CMSIS/Include -O0 -ffunction-sections -fdata-sections -Wall -fstack-usage -fcyclomatic-complexity -MMD -MP -MF"Drivers/STM32F1xx_HAL_Driver/Src/stm32f1xx_hal_adc.d" -MT"Drivers/STM32F1xx_HAL_Driver/Src/stm32f1xx_hal_adc.o" --specs=nano.specs -mfloat-abi=soft -mthumb -o "Drivers/STM32F1xx_HAL_Driver/Src/stm32f1xx_hal_adc.o"
arm-none-eabi-gcc "../Drivers/STM32F1xx_HAL_Driver/Src/stm32f1xx_hal_adc_ex.c" -mcpu=cortex-m3 -std=gnu11 -g3 -DDEBUG -DUSE_HAL_DRIVER -DSTM32F103xB -c -I../Core/Inc -I../Drivers/STM32F1xx_HAL_Driver/Inc/Legacy -I../Drivers/STM32F1xx_HAL_Driver/Inc -I../Drivers/CMSIS/Device/ST/STM32F1xx/Include -I../Drivers/CMSIS/Include -O0 -ffunction-sections -fdata-sections -Wall -fstack-usage -fcyclomatic-complexity -MMD -MP -MF"Drivers/STM32F1xx_HAL_Driver/Src/stm32f1xx_hal_adc_ex.d" -MT"Drivers/STM32F1xx_HAL_Driver/Src/stm32f1xx_hal_adc_ex.o" --specs=nano.specs -mfloat-abi=soft -mthumb -o "Drivers/STM32F1xx_HAL_Driver/Src/stm32f1xx_hal_adc_ex.o"
arm-none-eabi-gcc "../Drivers/STM32F1xx_HAL_Driver/Src/stm32f1xx_hal_cortex.c" -mcpu=cortex-m3 -std=gnu11 -g3 -DDEBUG -DUSE_HAL_DRIVER -DSTM32F103xB -c -I../Core/Inc -I../Drivers/STM32F1xx_HAL_Driver/Inc/Legacy -I../Drivers/STM32F1xx_HAL_Driver/Inc -I../Drivers/CMSIS/Device/ST/STM32F1xx/Include -I../Drivers/CMSIS/Include -O0 -ffunction-sections -fdata-sections -Wall -fstack-usage -fcyclomatic-complexity -MMD -MP -MF"Drivers/STM32F1xx_HAL_Driver/Src/stm32f1xx_hal_cortex.d" -MT"Drivers/STM32F1xx_HAL_Driver/Src/stm32f1xx_hal_cortex.o" --specs=nano.specs -mfloat-abi=soft -mthumb -o "Drivers/STM32F1xx_HAL_Driver/Src/stm32f1xx_hal_cortex.o"
arm-none-eabi-gcc "../Drivers/STM32F1xx_HAL_Driver/Src/stm32f1xx_hal_dma.c" -mcpu=cortex-m3 -std=gnu11 -g3 -DDEBUG -DUSE_HAL_DRIVER -DSTM32F103xB -c -I../Core/Inc -I../Drivers/STM32F1xx_HAL_Driver/Inc/Legacy -I../Drivers/STM32F1xx_HAL_Driver/Inc -I../Drivers/CMSIS/Device/ST/STM32F1xx/Include -I../Drivers/CMSIS/Include -O0 -ffunction-sections -fdata-sections -Wall -fstack-usage -fcyclomatic-complexity -MMD -MP -MF"Drivers/STM32F1xx_HAL_Driver/Src/stm32f1xx_hal_dma.d" -MT"Drivers/STM32F1xx_HAL_Driver/Src/stm32f1xx_hal_dma.o" --specs=nano.specs -mfloat-abi=soft -mthumb -o "Drivers/STM32F1xx_HAL_Driver/Src/stm32f1xx_hal_dma.o"
arm-none-eabi-gcc "../Drivers/STM32F1xx_HAL_Driver/Src/stm32f1xx_hal_exti.c" -mcpu=cortex-m3 -std=gnu11 -g3 -DDEBUG -DUSE_HAL_DRIVER -DSTM32F103xB -c -I../Core/Inc -I../Drivers/STM32F1xx_HAL_Driver/Inc/Legacy -I../Drivers/STM32F1xx_HAL_Driver/Inc -I../Drivers/CMSIS/Device/ST/STM32F1xx/Include -I../Drivers/CMSIS/Include -O0 -ffunction-sections -fdata-sections -Wall -fstack-usage -fcyclomatic-complexity -MMD -MP -MF"Drivers/STM32F1xx_HAL_Driver/Src/stm32f1xx_hal_exti.d" -MT"Drivers/STM32F1xx_HAL_Driver/Src/stm32f1xx_hal_exti.o" --specs=nano.specs -mfloat-abi=soft -mthumb -o "Drivers/STM32F1xx_HAL_Driver/Src/stm32f1xx_hal_exti.o"
arm-none-eabi-gcc "../Drivers/STM32F1xx_HAL_Driver/Src/stm32f1xx_hal_flash.c" -mcpu=cortex-m3 -std=gnu11 -g3 -DDEBUG -DUSE_HAL_DRIVER -DSTM32F103xB -c -I../Core/Inc -I../Drivers/STM32F1xx_HAL_Driver/Inc/Legacy -I../Drivers/STM32F1xx_HAL_Driver/Inc -I../Drivers/CMSIS/Device/ST/STM32F1xx/Include -I../Drivers/CMSIS/Include -O0 -ffunction-sections -fdata-sections -Wall -fstack-usage -fcyclomatic-complexity -MMD -MP -MF"Drivers/STM32F1xx_HAL_Driver/Src/stm32f1xx_hal_flash.d" -MT"Drivers/STM32F1xx_HAL_Driver/Src/stm32f1xx_hal_flash.o" --specs=nano.specs -mfloat-abi=soft -mthumb -o "Drivers/STM32F1xx_HAL_Driver/Src/stm32f1xx_hal_flash.o"
arm-none-eabi-gcc "../Drivers/STM32F1xx_HAL_Driver/Src/stm32f1xx_hal_flash_ex.c" -mcpu=cortex-m3 -std=gnu11 -g3 -DDEBUG -DUSE_HAL_DRIVER -DSTM32F103xB -c -I../Core/Inc -I../Drivers/STM32F1xx_HAL_Driver/Inc/Legacy -I../Drivers/STM32F1xx_HAL_Driver/Inc -I../Drivers/CMSIS/Device/ST/STM32F1xx/Include -I../Drivers/CMSIS/Include -O0 -ffunction-sections -fdata-sections -Wall -fstack-usage -fcyclomatic-complexity -MMD -MP -MF"Drivers/STM32F1xx_HAL_Driver/Src/stm32f1xx_hal_flash_ex.d" -MT"Drivers/STM32F1xx_HAL_Driver/Src/stm32f1xx_hal_flash_ex.o" --specs=nano.specs -mfloat-abi=soft -mthumb -o "Drivers/STM32F1xx_HAL_Driver/Src/stm32f1xx_hal_flash_ex.o"
arm-none-eabi-gcc "../Drivers/STM32F1xx_HAL_Driver/Src/stm32f1xx_hal_gpio.c" -mcpu=cortex-m3 -std=gnu11 -g3 -DDEBUG -DUSE_HAL_DRIVER -DSTM32F103xB -c -I../Core/Inc -I../Drivers/STM32F1xx_HAL_Driver/Inc/Legacy -I../Drivers/STM32F1xx_HAL_Driver/Inc -I../Drivers/CMSIS/Device/ST/STM32F1xx/Include -I../Drivers/CMSIS/Include -O0 -ffunction-sections -fdata-sections -Wall -fstack-usage -fcyclomatic-complexity -MMD -MP -MF"Drivers/STM32F1xx_HAL_Driver/Src/stm32f1xx_hal_gpio.d" -MT"Drivers/STM32F1xx_HAL_Driver/Src/stm32f1xx_hal_gpio.o" --specs=nano.specs -mfloat-abi=soft -mthumb -o "Drivers/STM32F1xx_HAL_Driver/Src/stm32f1xx_hal_gpio.o"
arm-none-eabi-gcc "../Drivers/STM32F1xx_HAL_Driver/Src/stm32f1xx_hal_gpio_ex.c" -mcpu=cortex-m3 -std=gnu11 -g3 -DDEBUG -DUSE_HAL_DRIVER -DSTM32F103xB -c -I../Core/Inc -I../Drivers/STM32F1xx_HAL_Driver/Inc/Legacy -I../Drivers/STM32F1xx_HAL_Driver/Inc -I../Drivers/CMSIS/Device/ST/STM32F1xx/Include -I../Drivers/CMSIS/Include -O0 -ffunction-sections -fdata-sections -Wall -fstack-usage -fcyclomatic-complexity -MMD -MP -MF"Drivers/STM32F1xx_HAL_Driver/Src/stm32f1xx_hal_gpio_ex.d" -MT"Drivers/STM32F1xx_HAL_Driver/Src/stm32f1xx_hal_gpio_ex.o" --specs=nano.specs -mfloat-abi=soft -mthumb -o "Drivers/STM32F1xx_HAL_Driver/Src/stm32f1xx_hal_gpio_ex.o"
arm-none-eabi-gcc "../Drivers/STM32F1xx_HAL_Driver/Src/stm32f1xx_hal_pwr.c" -mcpu=cortex-m3 -std=gnu11 -g3 -DDEBUG -DUSE_HAL_DRIVER -DSTM32F103xB -c -I../Core/Inc -I../Drivers/STM32F1xx_HAL_Driver/Inc/Legacy -I../Drivers/STM32F1xx_HAL_Driver/Inc -I../Drivers/CMSIS/Device/ST/STM32F1xx/Include -I../Drivers/CMSIS/Include -O0 -ffunction-sections -fdata-sections -Wall -fstack-usage -fcyclomatic-complexity -MMD -MP -MF"Drivers/STM32F1xx_HAL_Driver/Src/stm32f1xx_hal_pwr.d" -MT"Drivers/STM32F1xx_HAL_Driver/Src/stm32f1xx_hal_pwr.o" --specs=nano.specs -mfloat-abi=soft -mthumb -o "Drivers/STM32F1xx_HAL_Driver/Src/stm32f1xx_hal_pwr.o"
arm-none-eabi-gcc "../Drivers/STM32F1xx_HAL_Driver/Src/stm32f1xx_hal_rcc.c" -mcpu=cortex-m3 -std=gnu11 -g3 -DDEBUG -DUSE_HAL_DRIVER -DSTM32F103xB -c -I../Core/Inc -I../Drivers/STM32F1xx_HAL_Driver/Inc/Legacy -I../Drivers/STM32F1xx_HAL_Driver/Inc -I../Drivers/CMSIS/Device/ST/STM32F1xx/Include -I../Drivers/CMSIS/Include -O0 -ffunction-sections -fdata-sections -Wall -fstack-usage -fcyclomatic-complexity -MMD -MP -MF"Drivers/STM32F1xx_HAL_Driver/Src/stm32f1xx_hal_rcc.d" -MT"Drivers/STM32F1xx_HAL_Driver/Src/stm32f1xx_hal_rcc.o" --specs=nano.specs -mfloat-abi=soft -mthumb -o "Drivers/STM32F1xx_HAL_Driver/Src/stm32f1xx_hal_rcc.o"
arm-none-eabi-gcc "../Drivers/STM32F1xx_HAL_Driver/Src/stm32f1xx_hal_rcc_ex.c" -mcpu=cortex-m3 -std=gnu11 -g3 -DDEBUG -DUSE_HAL_DRIVER -DSTM32F103xB -c -I../Core/Inc -I../Drivers/STM32F1xx_HAL_Driver/Inc/Legacy -I../Drivers/STM32F1xx_HAL_Driver/Inc -I../Drivers/CMSIS/Device/ST/STM32F1xx/Include -I../Drivers/CMSIS/Include -O0 -ffunction-sections -fdata-sections -Wall -fstack-usage -fcyclomatic-complexity -MMD -MP -MF"Drivers/STM32F1xx_HAL_Driver/Src/stm32f1xx_hal_rcc_ex.d" -MT"Drivers/STM32F1xx_HAL_Driver/Src/stm32f1xx_hal_rcc_ex.o" --specs=nano.specs -mfloat-abi=soft -mthumb -o "Drivers/STM32F1xx_HAL_Driver/Src/stm32f1xx_hal_rcc_ex.o"
arm-none-eabi-gcc "../Drivers/STM32F1xx_HAL_Driver/Src/stm32f1xx_hal_uart.c" -mcpu=cortex-m3 -std=gnu11 -g3 -DDEBUG -DUSE_HAL_DRIVER -DSTM32F103xB -c -I../Core/Inc -I../Drivers/STM32F1xx_HAL_Driver/Inc/Legacy -I../Drivers/STM32F1xx_HAL_Driver/Inc -I../Drivers/CMSIS/Device/ST/STM32F1xx/Include -I../Drivers/CMSIS/Include -O0 -ffunction-sections -fdata-sections -Wall -fstack-usage -fcyclomatic-complexity -MMD -MP -MF"Drivers/STM32F1xx_HAL_Driver/Src/stm32f1xx_hal_uart.d" -MT"Drivers/STM32F1xx_HAL_Driver/Src/stm32f1xx_hal_uart.o" --specs=nano.specs -mfloat-abi=soft -mthumb -o "Drivers/STM32F1xx_HAL_Driver/Src/stm32f1xx_hal_uart.o"
arm-none-eabi-gcc "../Core/Src/main.c" -mcpu=cortex-m3 -std=gnu11 -g3 -DDEBUG -DUSE_HAL_DRIVER -DSTM32F103xB -c -I../Core/Inc -I../Drivers/STM32F1xx_HAL_Driver/Inc/Legacy -I../Drivers/STM32F1xx_HAL_Driver/Inc -I../Drivers/CMSIS/Device/ST/STM32F1xx/Include -I../Drivers/CMSIS/Include -O0 -ffunction-sections -fdata-sections -Wall -fstack-usage -fcyclomatic-complexity -MMD -MP -MF"Core/Src/main.d" -MT"Core/Src/main.o" --specs=nano.specs -mfloat-abi=soft -mthumb -o "Core/Src/main.o"
arm-none-eabi-gcc "../Core/Src/stm32f1xx_hal_msp.c" -mcpu=cortex-m3 -std=gnu11 -g3 -DDEBUG -DUSE_HAL_DRIVER -DSTM32F103xB -c -I../Core/Inc -I../Drivers/STM32F1xx_HAL_Driver/Inc/Legacy -I../Drivers/STM32F1xx_HAL_Driver/Inc -I../Drivers/CMSIS/Device/ST/STM32F1xx/Include -I../Drivers/CMSIS/Include -O0 -ffunction-sections -fdata-sections -Wall -fstack-usage -fcyclomatic-complexity -MMD -MP -MF"Core/Src/stm32f1xx_hal_msp.d" -MT"Core/Src/stm32f1xx_hal_msp.o" --specs=nano.specs -mfloat-abi=soft -mthumb -o "Core/Src/stm32f1xx_hal_msp.o"
arm-none-eabi-gcc "../Core/Src/stm32f1xx_it.c" -mcpu=cortex-m3 -std=gnu11 -g3 -DDEBUG -DUSE_HAL_DRIVER -DSTM32F103xB -c -I../Core/Inc -I../Drivers/STM32F1xx_HAL_Driver/Inc/Legacy -I../Drivers/STM32F1xx_HAL_Driver/Inc -I../Drivers/CMSIS/Device/ST/STM32F1xx/Include -I../Drivers/CMSIS/Include -O0 -ffunction-sections -fdata-sections -Wall -fstack-usage -fcyclomatic-complexity -MMD -MP -MF"Core/Src/stm32f1xx_it.d" -MT"Core/Src/stm32f1xx_it.o" --specs=nano.specs -mfloat-abi=soft -mthumb -o "Core/Src/stm32f1xx_it.o"
arm-none-eabi-gcc "../Core/Src/system_stm32f1xx.c" -mcpu=cortex-m3 -std=gnu11 -g3 -DDEBUG -DUSE_HAL_DRIVER -DSTM32F103xB -c -I../Core/Inc -I../Drivers/STM32F1xx_HAL_Driver/Inc/Legacy -I../Drivers/STM32F1xx_HAL_Driver/Inc -I../Drivers/CMSIS/Device/ST/STM32F1xx/Include -I../Drivers/CMSIS/Include -O0 -ffunction-sections -fdata-sections -Wall -fstack-usage -fcyclomatic-complexity -MMD -MP -MF"Core/Src/system_stm32f1xx.d" -MT"Core/Src/system_stm32f1xx.o" --specs=nano.specs -mfloat-abi=soft -mthumb -o "Core/Src/system_stm32f1xx.o"
../Core/Src/main.c: In function 'main':
../Core/Src/main.c:111:9: warning: variable 'cur_voltage' set but not used [-Wunused-but-set-variable]
  111 |   float cur_voltage;
      |         ^~~~~~~~~~~
../Core/Src/main.c:110:12: warning: unused variable 'cur_ADC' [-Wunused-variable]
  110 |   uint16_t cur_ADC;
      |            ^~~~~~~
arm-none-eabi-gcc -o "Bluepill_Potentiometer.elf" @"objects.list"   -mcpu=cortex-m3 -T"C:\Users\Jagakishan\STM32CubeIDE\workspace_1.18.0\Bluepill_Potentiometer\STM32F103C8TX_FLASH.ld" --specs=nosys.specs -Wl,-Map="Bluepill_Potentiometer.map" -Wl,--gc-sections -static --specs=nano.specs -mfloat-abi=soft -mthumb -u _printf_float -Wl,--start-group -lc -lm -Wl,--end-group
Finished building target: Bluepill_Potentiometer.elf
 
arm-none-eabi-size  Bluepill_Potentiometer.elf 
arm-none-eabi-objdump -h -S Bluepill_Potentiometer.elf  > "Bluepill_Potentiometer.list"
arm-none-eabi-objcopy  -O ihex Bluepill_Potentiometer.elf  "Bluepill_Potentiometer.hex"
   text	   data	    bss	    dec	    hex	filename
  25388	    468	   2100	  27956	   6d34	Bluepill_Potentiometer.elf
Finished building: default.size.stdout
 
Finished building: Bluepill_Potentiometer.hex
 
Finished building: Bluepill_Potentiometer.list
 
14:42:39 **** Incremental Build of configuration Debug for project Bluepill_Potentiometer ****
make -j16 all 
arm-none-eabi-gcc "../Core/Src/main.c" -mcpu=cortex-m3 -std=gnu11 -g3 -DDEBUG -DUSE_HAL_DRIVER -DSTM32F103xB -c -I../Core/Inc -I../Drivers/STM32F1xx_HAL_Driver/Inc/Legacy -I../Drivers/STM32F1xx_HAL_Driver/Inc -I../Drivers/CMSIS/Device/ST/STM32F1xx/Include -I../Drivers/CMSIS/Include -O0 -ffunction-sections -fdata-sections -Wall -fstack-usage -fcyclomatic-complexity -MMD -MP -MF"Core/Src/main.d" -MT"Core/Src/main.o" --specs=nano.specs -mfloat-abi=soft -mthumb -o "Core/Src/main.o"
../Core/Src/main.c: In function 'main':
../Core/Src/main.c:111:9: warning: variable 'cur_voltage' set but not used [-Wunused-but-set-variable]
  111 |   float cur_voltage;
      |         ^~~~~~~~~~~
arm-none-eabi-gcc -o "Bluepill_Potentiometer.elf" @"objects.list"   -mcpu=cortex-m3 -T"C:\Users\Jagakishan\STM32CubeIDE\workspace_1.18.0\Bluepill_Potentiometer\STM32F103C8TX_FLASH.ld" --specs=nosys.specs -Wl,-Map="Bluepill_Potentiometer.map" -Wl,--gc-sections -static --specs=nano.specs -mfloat-abi=soft -mthumb -u _printf_float -Wl,--start-group -lc -lm -Wl,--end-group
Finished building target: Bluepill_Potentiometer.elf
 
arm-none-eabi-size  Bluepill_Potentiometer.elf 
arm-none-eabi-objdump -h -S Bluepill_Potentiometer.elf  > "Bluepill_Potentiometer.list"
arm-none-eabi-objcopy  -O ihex Bluepill_Potentiometer.elf  "Bluepill_Potentiometer.hex"
   text	   data	    bss	    dec	    hex	filename
  25388	    468	   2100	  27956	   6d34	Bluepill_Potentiometer.elf
Finished building: default.size.stdout
 
Finished building: Bluepill_Potentiometer.hex
 
Finished building: Bluepill_Potentiometer.list
 
14:43:18 **** Incremental Build of configuration Debug for project Bluepill_Potentiometer ****
make -j16 all 
arm-none-eabi-gcc "../Core/Src/main.c" -mcpu=cortex-m3 -std=gnu11 -g3 -DDEBUG -DUSE_HAL_DRIVER -DSTM32F103xB -c -I../Core/Inc -I../Drivers/STM32F1xx_HAL_Driver/Inc/Legacy -I../Drivers/STM32F1xx_HAL_Driver/Inc -I../Drivers/CMSIS/Device/ST/STM32F1xx/Include -I../Drivers/CMSIS/Include -O0 -ffunction-sections -fdata-sections -Wall -fstack-usage -fcyclomatic-complexity -MMD -MP -MF"Core/Src/main.d" -MT"Core/Src/main.o" --specs=nano.specs -mfloat-abi=soft -mthumb -o "Core/Src/main.o"
arm-none-eabi-gcc -o "Bluepill_Potentiometer.elf" @"objects.list"   -mcpu=cortex-m3 -T"C:\Users\Jagakishan\STM32CubeIDE\workspace_1.18.0\Bluepill_Potentiometer\STM32F103C8TX_FLASH.ld" --specs=nosys.specs -Wl,-Map="Bluepill_Potentiometer.map" -Wl,--gc-sections -static --specs=nano.specs -mfloat-abi=soft -mthumb -u _printf_float -Wl,--start-group -lc -lm -Wl,--end-group
Finished building target: Bluepill_Potentiometer.elf
 
arm-none-eabi-size  Bluepill_Potentiometer.elf 
arm-none-eabi-objdump -h -S Bluepill_Potentiometer.elf  > "Bluepill_Potentiometer.list"
arm-none-eabi-objcopy  -O ihex Bluepill_Potentiometer.elf  "Bluepill_Potentiometer.hex"
   text	   data	    bss	    dec	    hex	filename
  25436	    468	   2100	  28004	   6d64	Bluepill_Potentiometer.elf
Finished building: default.size.stdout
 
Finished building: Bluepill_Potentiometer.hex
 
Finished building: Bluepill_Potentiometer.list
 
14:48:27 **** Incremental Build of configuration Debug for project Bluepill_Potentiometer ****
make -j16 all 
arm-none-eabi-gcc "../Core/Src/main.c" -mcpu=cortex-m3 -std=gnu11 -g3 -DDEBUG -DUSE_HAL_DRIVER -DSTM32F103xB -c -I../Core/Inc -I../Drivers/STM32F1xx_HAL_Driver/Inc/Legacy -I../Drivers/STM32F1xx_HAL_Driver/Inc -I../Drivers/CMSIS/Device/ST/STM32F1xx/Include -I../Drivers/CMSIS/Include -O0 -ffunction-sections -fdata-sections -Wall -fstack-usage -fcyclomatic-complexity -MMD -MP -MF"Core/Src/main.d" -MT"Core/Src/main.o" --specs=nano.specs -mfloat-abi=soft -mthumb -o "Core/Src/main.o"
arm-none-eabi-gcc -o "Bluepill_Potentiometer.elf" @"objects.list"   -mcpu=cortex-m3 -T"C:\Users\Jagakishan\STM32CubeIDE\workspace_1.18.0\Bluepill_Potentiometer\STM32F103C8TX_FLASH.ld" --specs=nosys.specs -Wl,-Map="Bluepill_Potentiometer.map" -Wl,--gc-sections -static --specs=nano.specs -mfloat-abi=soft -mthumb -u _printf_float -Wl,--start-group -lc -lm -Wl,--end-group
Finished building target: Bluepill_Potentiometer.elf
 
arm-none-eabi-size  Bluepill_Potentiometer.elf 
arm-none-eabi-objdump -h -S Bluepill_Potentiometer.elf  > "Bluepill_Potentiometer.list"
arm-none-eabi-objcopy  -O ihex Bluepill_Potentiometer.elf  "Bluepill_Potentiometer.hex"
   text	   data	    bss	    dec	    hex	filename
  25436	    468	   2100	  28004	   6d64	Bluepill_Potentiometer.elf
Finished building: default.size.stdout
 
Finished building: Bluepill_Potentiometer.hex
 
Finished building: Bluepill_Potentiometer.list
 
14:52:35 **** Incremental Build of configuration Debug for project Bluepill_Potentiometer ****
make -j16 all 
arm-none-eabi-gcc "../Core/Src/main.c" -mcpu=cortex-m3 -std=gnu11 -g3 -DDEBUG -DUSE_HAL_DRIVER -DSTM32F103xB -c -I../Core/Inc -I../Drivers/STM32F1xx_HAL_Driver/Inc/Legacy -I../Drivers/STM32F1xx_HAL_Driver/Inc -I../Drivers/CMSIS/Device/ST/STM32F1xx/Include -I../Drivers/CMSIS/Include -O0 -ffunction-sections -fdata-sections -Wall -fstack-usage -fcyclomatic-complexity -MMD -MP -MF"Core/Src/main.d" -MT"Core/Src/main.o" --specs=nano.specs -mfloat-abi=soft -mthumb -o "Core/Src/main.o"
arm-none-eabi-gcc "../Core/Src/stm32f1xx_hal_msp.c" -mcpu=cortex-m3 -std=gnu11 -g3 -DDEBUG -DUSE_HAL_DRIVER -DSTM32F103xB -c -I../Core/Inc -I../Drivers/STM32F1xx_HAL_Driver/Inc/Legacy -I../Drivers/STM32F1xx_HAL_Driver/Inc -I../Drivers/CMSIS/Device/ST/STM32F1xx/Include -I../Drivers/CMSIS/Include -O0 -ffunction-sections -fdata-sections -Wall -fstack-usage -fcyclomatic-complexity -MMD -MP -MF"Core/Src/stm32f1xx_hal_msp.d" -MT"Core/Src/stm32f1xx_hal_msp.o" --specs=nano.specs -mfloat-abi=soft -mthumb -o "Core/Src/stm32f1xx_hal_msp.o"
arm-none-eabi-gcc -o "Bluepill_Potentiometer.elf" @"objects.list"   -mcpu=cortex-m3 -T"C:\Users\Jagakishan\STM32CubeIDE\workspace_1.18.0\Bluepill_Potentiometer\STM32F103C8TX_FLASH.ld" --specs=nosys.specs -Wl,-Map="Bluepill_Potentiometer.map" -Wl,--gc-sections -static --specs=nano.specs -mfloat-abi=soft -mthumb -u _printf_float -Wl,--start-group -lc -lm -Wl,--end-group
Finished building target: Bluepill_Potentiometer.elf
 
arm-none-eabi-size  Bluepill_Potentiometer.elf 
arm-none-eabi-objdump -h -S Bluepill_Potentiometer.elf  > "Bluepill_Potentiometer.list"
arm-none-eabi-objcopy  -O ihex Bluepill_Potentiometer.elf  "Bluepill_Potentiometer.hex"
   text	   data	    bss	    dec	    hex	filename
  25436	    468	   2100	  28004	   6d64	Bluepill_Potentiometer.elf
Finished building: default.size.stdout
 
Finished building: Bluepill_Potentiometer.hex
 
Finished building: Bluepill_Potentiometer.list
 
15:15:05 **** Incremental Build of configuration Debug for project Bluepill_Potentiometer ****
make -j16 all 
arm-none-eabi-gcc "../Core/Src/main.c" -mcpu=cortex-m3 -std=gnu11 -g3 -DDEBUG -DUSE_HAL_DRIVER -DSTM32F103xB -c -I../Core/Inc -I../Drivers/STM32F1xx_HAL_Driver/Inc/Legacy -I../Drivers/STM32F1xx_HAL_Driver/Inc -I../Drivers/CMSIS/Device/ST/STM32F1xx/Include -I../Drivers/CMSIS/Include -O0 -ffunction-sections -fdata-sections -Wall -fstack-usage -fcyclomatic-complexity -MMD -MP -MF"Core/Src/main.d" -MT"Core/Src/main.o" --specs=nano.specs -mfloat-abi=soft -mthumb -o "Core/Src/main.o"
arm-none-eabi-gcc -o "Bluepill_Potentiometer.elf" @"objects.list"   -mcpu=cortex-m3 -T"C:\Users\Jagakishan\STM32CubeIDE\workspace_1.18.0\Bluepill_Potentiometer\STM32F103C8TX_FLASH.ld" --specs=nosys.specs -Wl,-Map="Bluepill_Potentiometer.map" -Wl,--gc-sections -static --specs=nano.specs -mfloat-abi=soft -mthumb -u _printf_float -Wl,--start-group -lc -lm -Wl,--end-group
Finished building target: Bluepill_Potentiometer.elf
 
arm-none-eabi-size  Bluepill_Potentiometer.elf 
arm-none-eabi-objdump -h -S Bluepill_Potentiometer.elf  > "Bluepill_Potentiometer.list"
arm-none-eabi-objcopy  -O ihex Bluepill_Potentiometer.elf  "Bluepill_Potentiometer.hex"
   text	   data	    bss	    dec	    hex	filename
  26044	    468	   2092	  28604	   6fbc	Bluepill_Potentiometer.elf
Finished building: default.size.stdout
 
Finished building: Bluepill_Potentiometer.hex
 
Finished building: Bluepill_Potentiometer.list
 
15:16:59 **** Incremental Build of configuration Debug for project Bluepill_Potentiometer ****
make -j16 all 
arm-none-eabi-gcc "../Core/Src/main.c" -mcpu=cortex-m3 -std=gnu11 -g3 -DDEBUG -DUSE_HAL_DRIVER -DSTM32F103xB -c -I../Core/Inc -I../Drivers/STM32F1xx_HAL_Driver/Inc/Legacy -I../Drivers/STM32F1xx_HAL_Driver/Inc -I../Drivers/CMSIS/Device/ST/STM32F1xx/Include -I../Drivers/CMSIS/Include -O0 -ffunction-sections -fdata-sections -Wall -fstack-usage -fcyclomatic-complexity -MMD -MP -MF"Core/Src/main.d" -MT"Core/Src/main.o" --specs=nano.specs -mfloat-abi=soft -mthumb -o "Core/Src/main.o"
arm-none-eabi-gcc -o "Bluepill_Potentiometer.elf" @"objects.list"   -mcpu=cortex-m3 -T"C:\Users\Jagakishan\STM32CubeIDE\workspace_1.18.0\Bluepill_Potentiometer\STM32F103C8TX_FLASH.ld" --specs=nosys.specs -Wl,-Map="Bluepill_Potentiometer.map" -Wl,--gc-sections -static --specs=nano.specs -mfloat-abi=soft -mthumb -u _printf_float -Wl,--start-group -lc -lm -Wl,--end-group
Finished building target: Bluepill_Potentiometer.elf
 
arm-none-eabi-size  Bluepill_Potentiometer.elf 
arm-none-eabi-objdump -h -S Bluepill_Potentiometer.elf  > "Bluepill_Potentiometer.list"
arm-none-eabi-objcopy  -O ihex Bluepill_Potentiometer.elf  "Bluepill_Potentiometer.hex"
   text	   data	    bss	    dec	    hex	filename
  25436	    468	   2100	  28004	   6d64	Bluepill_Potentiometer.elf
Finished building: default.size.stdout
 
Finished building: Bluepill_Potentiometer.hex
 
Finished building: Bluepill_Potentiometer.list
 
15:34:15 **** Incremental Build of configuration Debug for project Bluepill_Potentiometer ****
make -j16 all 
arm-none-eabi-gcc "../Core/Src/main.c" -mcpu=cortex-m3 -std=gnu11 -g3 -DDEBUG -DUSE_HAL_DRIVER -DSTM32F103xB -c -I../Core/Inc -I../Drivers/STM32F1xx_HAL_Driver/Inc/Legacy -I../Drivers/STM32F1xx_HAL_Driver/Inc -I../Drivers/CMSIS/Device/ST/STM32F1xx/Include -I../Drivers/CMSIS/Include -O0 -ffunction-sections -fdata-sections -Wall -fstack-usage -fcyclomatic-complexity -MMD -MP -MF"Core/Src/main.d" -MT"Core/Src/main.o" --specs=nano.specs -mfloat-abi=soft -mthumb -o "Core/Src/main.o"
arm-none-eabi-gcc -o "Bluepill_Potentiometer.elf" @"objects.list"   -mcpu=cortex-m3 -T"C:\Users\Jagakishan\STM32CubeIDE\workspace_1.18.0\Bluepill_Potentiometer\STM32F103C8TX_FLASH.ld" --specs=nosys.specs -Wl,-Map="Bluepill_Potentiometer.map" -Wl,--gc-sections -static --specs=nano.specs -mfloat-abi=soft -mthumb -u _printf_float -Wl,--start-group -lc -lm -Wl,--end-group
Finished building target: Bluepill_Potentiometer.elf
 
arm-none-eabi-size  Bluepill_Potentiometer.elf 
arm-none-eabi-objdump -h -S Bluepill_Potentiometer.elf  > "Bluepill_Potentiometer.list"
arm-none-eabi-objcopy  -O ihex Bluepill_Potentiometer.elf  "Bluepill_Potentiometer.hex"
   text	   data	    bss	    dec	    hex	filename
  25436	    468	   2100	  28004	   6d64	Bluepill_Potentiometer.elf
Finished building: default.size.stdout
 
Finished building: Bluepill_Potentiometer.hex
 
Finished building: Bluepill_Potentiometer.list
 
15:36:45 **** Incremental Build of configuration Debug for project Bluepill_Potentiometer ****
make -j16 all 
arm-none-eabi-gcc "../Core/Src/main.c" -mcpu=cortex-m3 -std=gnu11 -g3 -DDEBUG -DUSE_HAL_DRIVER -DSTM32F103xB -c -I../Core/Inc -I../Drivers/STM32F1xx_HAL_Driver/Inc/Legacy -I../Drivers/STM32F1xx_HAL_Driver/Inc -I../Drivers/CMSIS/Device/ST/STM32F1xx/Include -I../Drivers/CMSIS/Include -O0 -ffunction-sections -fdata-sections -Wall -fstack-usage -fcyclomatic-complexity -MMD -MP -MF"Core/Src/main.d" -MT"Core/Src/main.o" --specs=nano.specs -mfloat-abi=soft -mthumb -o "Core/Src/main.o"
arm-none-eabi-gcc -o "Bluepill_Potentiometer.elf" @"objects.list"   -mcpu=cortex-m3 -T"C:\Users\Jagakishan\STM32CubeIDE\workspace_1.18.0\Bluepill_Potentiometer\STM32F103C8TX_FLASH.ld" --specs=nosys.specs -Wl,-Map="Bluepill_Potentiometer.map" -Wl,--gc-sections -static --specs=nano.specs -mfloat-abi=soft -mthumb -u _printf_float -Wl,--start-group -lc -lm -Wl,--end-group
Finished building target: Bluepill_Potentiometer.elf
 
arm-none-eabi-size  Bluepill_Potentiometer.elf 
arm-none-eabi-objdump -h -S Bluepill_Potentiometer.elf  > "Bluepill_Potentiometer.list"
arm-none-eabi-objcopy  -O ihex Bluepill_Potentiometer.elf  "Bluepill_Potentiometer.hex"
   text	   data	    bss	    dec	    hex	filename
  25644	    468	   2100	  28212	   6e34	Bluepill_Potentiometer.elf
Finished building: default.size.stdout
 
Finished building: Bluepill_Potentiometer.hex
 
Finished building: Bluepill_Potentiometer.list
 
15:37:45 **** Incremental Build of configuration Debug for project Bluepill_Potentiometer ****
make -j16 all 
arm-none-eabi-gcc "../Core/Src/main.c" -mcpu=cortex-m3 -std=gnu11 -g3 -DDEBUG -DUSE_HAL_DRIVER -DSTM32F103xB -c -I../Core/Inc -I../Drivers/STM32F1xx_HAL_Driver/Inc/Legacy -I../Drivers/STM32F1xx_HAL_Driver/Inc -I../Drivers/CMSIS/Device/ST/STM32F1xx/Include -I../Drivers/CMSIS/Include -O0 -ffunction-sections -fdata-sections -Wall -fstack-usage -fcyclomatic-complexity -MMD -MP -MF"Core/Src/main.d" -MT"Core/Src/main.o" --specs=nano.specs -mfloat-abi=soft -mthumb -o "Core/Src/main.o"
arm-none-eabi-gcc -o "Bluepill_Potentiometer.elf" @"objects.list"   -mcpu=cortex-m3 -T"C:\Users\Jagakishan\STM32CubeIDE\workspace_1.18.0\Bluepill_Potentiometer\STM32F103C8TX_FLASH.ld" --specs=nosys.specs -Wl,-Map="Bluepill_Potentiometer.map" -Wl,--gc-sections -static --specs=nano.specs -mfloat-abi=soft -mthumb -u _printf_float -Wl,--start-group -lc -lm -Wl,--end-group
Finished building target: Bluepill_Potentiometer.elf
 
arm-none-eabi-size  Bluepill_Potentiometer.elf 
arm-none-eabi-objdump -h -S Bluepill_Potentiometer.elf  > "Bluepill_Potentiometer.list"
arm-none-eabi-objcopy  -O ihex Bluepill_Potentiometer.elf  "Bluepill_Potentiometer.hex"
   text	   data	    bss	    dec	    hex	filename
  25676	    468	   2100	  28244	   6e54	Bluepill_Potentiometer.elf
Finished building: default.size.stdout
 
Finished building: Bluepill_Potentiometer.hex
 
Finished building: Bluepill_Potentiometer.list
 
15:46:17 **** Incremental Build of configuration Debug for project Bluepill_Potentiometer ****
make -j16 all 
arm-none-eabi-gcc "../Core/Src/main.c" -mcpu=cortex-m3 -std=gnu11 -g3 -DDEBUG -DUSE_HAL_DRIVER -DSTM32F103xB -c -I../Core/Inc -I../Drivers/STM32F1xx_HAL_Driver/Inc/Legacy -I../Drivers/STM32F1xx_HAL_Driver/Inc -I../Drivers/CMSIS/Device/ST/STM32F1xx/Include -I../Drivers/CMSIS/Include -O0 -ffunction-sections -fdata-sections -Wall -fstack-usage -fcyclomatic-complexity -MMD -MP -MF"Core/Src/main.d" -MT"Core/Src/main.o" --specs=nano.specs -mfloat-abi=soft -mthumb -o "Core/Src/main.o"
arm-none-eabi-gcc -o "Bluepill_Potentiometer.elf" @"objects.list"   -mcpu=cortex-m3 -T"C:\Users\Jagakishan\STM32CubeIDE\workspace_1.18.0\Bluepill_Potentiometer\STM32F103C8TX_FLASH.ld" --specs=nosys.specs -Wl,-Map="Bluepill_Potentiometer.map" -Wl,--gc-sections -static --specs=nano.specs -mfloat-abi=soft -mthumb -u _printf_float -Wl,--start-group -lc -lm -Wl,--end-group
Finished building target: Bluepill_Potentiometer.elf
 
arm-none-eabi-size  Bluepill_Potentiometer.elf 
arm-none-eabi-objdump -h -S Bluepill_Potentiometer.elf  > "Bluepill_Potentiometer.list"
arm-none-eabi-objcopy  -O ihex Bluepill_Potentiometer.elf  "Bluepill_Potentiometer.hex"
   text	   data	    bss	    dec	    hex	filename
  26412	    468	   2100	  28980	   7134	Bluepill_Potentiometer.elf
Finished building: default.size.stdout
 
Finished building: Bluepill_Potentiometer.hex
 
Finished building: Bluepill_Potentiometer.list
 
16:05:24 **** Incremental Build of configuration Debug for project Bluepill_Potentiometer ****
make -j16 all 
arm-none-eabi-gcc "../Drivers/STM32F1xx_HAL_Driver/Src/stm32f1xx_hal.c" -mcpu=cortex-m3 -std=gnu11 -g3 -DDEBUG -DUSE_HAL_DRIVER -DSTM32F103xB -c -I../Core/Inc -I../Drivers/STM32F1xx_HAL_Driver/Inc/Legacy -I../Drivers/STM32F1xx_HAL_Driver/Inc -I../Drivers/CMSIS/Device/ST/STM32F1xx/Include -I../Drivers/CMSIS/Include -O0 -ffunction-sections -fdata-sections -Wall -fstack-usage -fcyclomatic-complexity -MMD -MP -MF"Drivers/STM32F1xx_HAL_Driver/Src/stm32f1xx_hal.d" -MT"Drivers/STM32F1xx_HAL_Driver/Src/stm32f1xx_hal.o" --specs=nano.specs -mfloat-abi=soft -mthumb -o "Drivers/STM32F1xx_HAL_Driver/Src/stm32f1xx_hal.o"
arm-none-eabi-gcc "../Drivers/STM32F1xx_HAL_Driver/Src/stm32f1xx_hal_adc.c" -mcpu=cortex-m3 -std=gnu11 -g3 -DDEBUG -DUSE_HAL_DRIVER -DSTM32F103xB -c -I../Core/Inc -I../Drivers/STM32F1xx_HAL_Driver/Inc/Legacy -I../Drivers/STM32F1xx_HAL_Driver/Inc -I../Drivers/CMSIS/Device/ST/STM32F1xx/Include -I../Drivers/CMSIS/Include -O0 -ffunction-sections -fdata-sections -Wall -fstack-usage -fcyclomatic-complexity -MMD -MP -MF"Drivers/STM32F1xx_HAL_Driver/Src/stm32f1xx_hal_adc.d" -MT"Drivers/STM32F1xx_HAL_Driver/Src/stm32f1xx_hal_adc.o" --specs=nano.specs -mfloat-abi=soft -mthumb -o "Drivers/STM32F1xx_HAL_Driver/Src/stm32f1xx_hal_adc.o"
arm-none-eabi-gcc "../Drivers/STM32F1xx_HAL_Driver/Src/stm32f1xx_hal_adc_ex.c" -mcpu=cortex-m3 -std=gnu11 -g3 -DDEBUG -DUSE_HAL_DRIVER -DSTM32F103xB -c -I../Core/Inc -I../Drivers/STM32F1xx_HAL_Driver/Inc/Legacy -I../Drivers/STM32F1xx_HAL_Driver/Inc -I../Drivers/CMSIS/Device/ST/STM32F1xx/Include -I../Drivers/CMSIS/Include -O0 -ffunction-sections -fdata-sections -Wall -fstack-usage -fcyclomatic-complexity -MMD -MP -MF"Drivers/STM32F1xx_HAL_Driver/Src/stm32f1xx_hal_adc_ex.d" -MT"Drivers/STM32F1xx_HAL_Driver/Src/stm32f1xx_hal_adc_ex.o" --specs=nano.specs -mfloat-abi=soft -mthumb -o "Drivers/STM32F1xx_HAL_Driver/Src/stm32f1xx_hal_adc_ex.o"
arm-none-eabi-gcc "../Drivers/STM32F1xx_HAL_Driver/Src/stm32f1xx_hal_cortex.c" -mcpu=cortex-m3 -std=gnu11 -g3 -DDEBUG -DUSE_HAL_DRIVER -DSTM32F103xB -c -I../Core/Inc -I../Drivers/STM32F1xx_HAL_Driver/Inc/Legacy -I../Drivers/STM32F1xx_HAL_Driver/Inc -I../Drivers/CMSIS/Device/ST/STM32F1xx/Include -I../Drivers/CMSIS/Include -O0 -ffunction-sections -fdata-sections -Wall -fstack-usage -fcyclomatic-complexity -MMD -MP -MF"Drivers/STM32F1xx_HAL_Driver/Src/stm32f1xx_hal_cortex.d" -MT"Drivers/STM32F1xx_HAL_Driver/Src/stm32f1xx_hal_cortex.o" --specs=nano.specs -mfloat-abi=soft -mthumb -o "Drivers/STM32F1xx_HAL_Driver/Src/stm32f1xx_hal_cortex.o"
arm-none-eabi-gcc "../Drivers/STM32F1xx_HAL_Driver/Src/stm32f1xx_hal_dma.c" -mcpu=cortex-m3 -std=gnu11 -g3 -DDEBUG -DUSE_HAL_DRIVER -DSTM32F103xB -c -I../Core/Inc -I../Drivers/STM32F1xx_HAL_Driver/Inc/Legacy -I../Drivers/STM32F1xx_HAL_Driver/Inc -I../Drivers/CMSIS/Device/ST/STM32F1xx/Include -I../Drivers/CMSIS/Include -O0 -ffunction-sections -fdata-sections -Wall -fstack-usage -fcyclomatic-complexity -MMD -MP -MF"Drivers/STM32F1xx_HAL_Driver/Src/stm32f1xx_hal_dma.d" -MT"Drivers/STM32F1xx_HAL_Driver/Src/stm32f1xx_hal_dma.o" --specs=nano.specs -mfloat-abi=soft -mthumb -o "Drivers/STM32F1xx_HAL_Driver/Src/stm32f1xx_hal_dma.o"
arm-none-eabi-gcc "../Drivers/STM32F1xx_HAL_Driver/Src/stm32f1xx_hal_exti.c" -mcpu=cortex-m3 -std=gnu11 -g3 -DDEBUG -DUSE_HAL_DRIVER -DSTM32F103xB -c -I../Core/Inc -I../Drivers/STM32F1xx_HAL_Driver/Inc/Legacy -I../Drivers/STM32F1xx_HAL_Driver/Inc -I../Drivers/CMSIS/Device/ST/STM32F1xx/Include -I../Drivers/CMSIS/Include -O0 -ffunction-sections -fdata-sections -Wall -fstack-usage -fcyclomatic-complexity -MMD -MP -MF"Drivers/STM32F1xx_HAL_Driver/Src/stm32f1xx_hal_exti.d" -MT"Drivers/STM32F1xx_HAL_Driver/Src/stm32f1xx_hal_exti.o" --specs=nano.specs -mfloat-abi=soft -mthumb -o "Drivers/STM32F1xx_HAL_Driver/Src/stm32f1xx_hal_exti.o"
arm-none-eabi-gcc "../Drivers/STM32F1xx_HAL_Driver/Src/stm32f1xx_hal_flash.c" -mcpu=cortex-m3 -std=gnu11 -g3 -DDEBUG -DUSE_HAL_DRIVER -DSTM32F103xB -c -I../Core/Inc -I../Drivers/STM32F1xx_HAL_Driver/Inc/Legacy -I../Drivers/STM32F1xx_HAL_Driver/Inc -I../Drivers/CMSIS/Device/ST/STM32F1xx/Include -I../Drivers/CMSIS/Include -O0 -ffunction-sections -fdata-sections -Wall -fstack-usage -fcyclomatic-complexity -MMD -MP -MF"Drivers/STM32F1xx_HAL_Driver/Src/stm32f1xx_hal_flash.d" -MT"Drivers/STM32F1xx_HAL_Driver/Src/stm32f1xx_hal_flash.o" --specs=nano.specs -mfloat-abi=soft -mthumb -o "Drivers/STM32F1xx_HAL_Driver/Src/stm32f1xx_hal_flash.o"
arm-none-eabi-gcc "../Drivers/STM32F1xx_HAL_Driver/Src/stm32f1xx_hal_flash_ex.c" -mcpu=cortex-m3 -std=gnu11 -g3 -DDEBUG -DUSE_HAL_DRIVER -DSTM32F103xB -c -I../Core/Inc -I../Drivers/STM32F1xx_HAL_Driver/Inc/Legacy -I../Drivers/STM32F1xx_HAL_Driver/Inc -I../Drivers/CMSIS/Device/ST/STM32F1xx/Include -I../Drivers/CMSIS/Include -O0 -ffunction-sections -fdata-sections -Wall -fstack-usage -fcyclomatic-complexity -MMD -MP -MF"Drivers/STM32F1xx_HAL_Driver/Src/stm32f1xx_hal_flash_ex.d" -MT"Drivers/STM32F1xx_HAL_Driver/Src/stm32f1xx_hal_flash_ex.o" --specs=nano.specs -mfloat-abi=soft -mthumb -o "Drivers/STM32F1xx_HAL_Driver/Src/stm32f1xx_hal_flash_ex.o"
arm-none-eabi-gcc "../Drivers/STM32F1xx_HAL_Driver/Src/stm32f1xx_hal_gpio.c" -mcpu=cortex-m3 -std=gnu11 -g3 -DDEBUG -DUSE_HAL_DRIVER -DSTM32F103xB -c -I../Core/Inc -I../Drivers/STM32F1xx_HAL_Driver/Inc/Legacy -I../Drivers/STM32F1xx_HAL_Driver/Inc -I../Drivers/CMSIS/Device/ST/STM32F1xx/Include -I../Drivers/CMSIS/Include -O0 -ffunction-sections -fdata-sections -Wall -fstack-usage -fcyclomatic-complexity -MMD -MP -MF"Drivers/STM32F1xx_HAL_Driver/Src/stm32f1xx_hal_gpio.d" -MT"Drivers/STM32F1xx_HAL_Driver/Src/stm32f1xx_hal_gpio.o" --specs=nano.specs -mfloat-abi=soft -mthumb -o "Drivers/STM32F1xx_HAL_Driver/Src/stm32f1xx_hal_gpio.o"
arm-none-eabi-gcc "../Drivers/STM32F1xx_HAL_Driver/Src/stm32f1xx_hal_gpio_ex.c" -mcpu=cortex-m3 -std=gnu11 -g3 -DDEBUG -DUSE_HAL_DRIVER -DSTM32F103xB -c -I../Core/Inc -I../Drivers/STM32F1xx_HAL_Driver/Inc/Legacy -I../Drivers/STM32F1xx_HAL_Driver/Inc -I../Drivers/CMSIS/Device/ST/STM32F1xx/Include -I../Drivers/CMSIS/Include -O0 -ffunction-sections -fdata-sections -Wall -fstack-usage -fcyclomatic-complexity -MMD -MP -MF"Drivers/STM32F1xx_HAL_Driver/Src/stm32f1xx_hal_gpio_ex.d" -MT"Drivers/STM32F1xx_HAL_Driver/Src/stm32f1xx_hal_gpio_ex.o" --specs=nano.specs -mfloat-abi=soft -mthumb -o "Drivers/STM32F1xx_HAL_Driver/Src/stm32f1xx_hal_gpio_ex.o"
arm-none-eabi-gcc "../Drivers/STM32F1xx_HAL_Driver/Src/stm32f1xx_hal_pwr.c" -mcpu=cortex-m3 -std=gnu11 -g3 -DDEBUG -DUSE_HAL_DRIVER -DSTM32F103xB -c -I../Core/Inc -I../Drivers/STM32F1xx_HAL_Driver/Inc/Legacy -I../Drivers/STM32F1xx_HAL_Driver/Inc -I../Drivers/CMSIS/Device/ST/STM32F1xx/Include -I../Drivers/CMSIS/Include -O0 -ffunction-sections -fdata-sections -Wall -fstack-usage -fcyclomatic-complexity -MMD -MP -MF"Drivers/STM32F1xx_HAL_Driver/Src/stm32f1xx_hal_pwr.d" -MT"Drivers/STM32F1xx_HAL_Driver/Src/stm32f1xx_hal_pwr.o" --specs=nano.specs -mfloat-abi=soft -mthumb -o "Drivers/STM32F1xx_HAL_Driver/Src/stm32f1xx_hal_pwr.o"
arm-none-eabi-gcc "../Drivers/STM32F1xx_HAL_Driver/Src/stm32f1xx_hal_rcc.c" -mcpu=cortex-m3 -std=gnu11 -g3 -DDEBUG -DUSE_HAL_DRIVER -DSTM32F103xB -c -I../Core/Inc -I../Drivers/STM32F1xx_HAL_Driver/Inc/Legacy -I../Drivers/STM32F1xx_HAL_Driver/Inc -I../Drivers/CMSIS/Device/ST/STM32F1xx/Include -I../Drivers/CMSIS/Include -O0 -ffunction-sections -fdata-sections -Wall -fstack-usage -fcyclomatic-complexity -MMD -MP -MF"Drivers/STM32F1xx_HAL_Driver/Src/stm32f1xx_hal_rcc.d" -MT"Drivers/STM32F1xx_HAL_Driver/Src/stm32f1xx_hal_rcc.o" --specs=nano.specs -mfloat-abi=soft -mthumb -o "Drivers/STM32F1xx_HAL_Driver/Src/stm32f1xx_hal_rcc.o"
arm-none-eabi-gcc "../Drivers/STM32F1xx_HAL_Driver/Src/stm32f1xx_hal_rcc_ex.c" -mcpu=cortex-m3 -std=gnu11 -g3 -DDEBUG -DUSE_HAL_DRIVER -DSTM32F103xB -c -I../Core/Inc -I../Drivers/STM32F1xx_HAL_Driver/Inc/Legacy -I../Drivers/STM32F1xx_HAL_Driver/Inc -I../Drivers/CMSIS/Device/ST/STM32F1xx/Include -I../Drivers/CMSIS/Include -O0 -ffunction-sections -fdata-sections -Wall -fstack-usage -fcyclomatic-complexity -MMD -MP -MF"Drivers/STM32F1xx_HAL_Driver/Src/stm32f1xx_hal_rcc_ex.d" -MT"Drivers/STM32F1xx_HAL_Driver/Src/stm32f1xx_hal_rcc_ex.o" --specs=nano.specs -mfloat-abi=soft -mthumb -o "Drivers/STM32F1xx_HAL_Driver/Src/stm32f1xx_hal_rcc_ex.o"
arm-none-eabi-gcc "../Drivers/STM32F1xx_HAL_Driver/Src/stm32f1xx_hal_tim.c" -mcpu=cortex-m3 -std=gnu11 -g3 -DDEBUG -DUSE_HAL_DRIVER -DSTM32F103xB -c -I../Core/Inc -I../Drivers/STM32F1xx_HAL_Driver/Inc/Legacy -I../Drivers/STM32F1xx_HAL_Driver/Inc -I../Drivers/CMSIS/Device/ST/STM32F1xx/Include -I../Drivers/CMSIS/Include -O0 -ffunction-sections -fdata-sections -Wall -fstack-usage -fcyclomatic-complexity -MMD -MP -MF"Drivers/STM32F1xx_HAL_Driver/Src/stm32f1xx_hal_tim.d" -MT"Drivers/STM32F1xx_HAL_Driver/Src/stm32f1xx_hal_tim.o" --specs=nano.specs -mfloat-abi=soft -mthumb -o "Drivers/STM32F1xx_HAL_Driver/Src/stm32f1xx_hal_tim.o"
arm-none-eabi-gcc "../Drivers/STM32F1xx_HAL_Driver/Src/stm32f1xx_hal_tim_ex.c" -mcpu=cortex-m3 -std=gnu11 -g3 -DDEBUG -DUSE_HAL_DRIVER -DSTM32F103xB -c -I../Core/Inc -I../Drivers/STM32F1xx_HAL_Driver/Inc/Legacy -I../Drivers/STM32F1xx_HAL_Driver/Inc -I../Drivers/CMSIS/Device/ST/STM32F1xx/Include -I../Drivers/CMSIS/Include -O0 -ffunction-sections -fdata-sections -Wall -fstack-usage -fcyclomatic-complexity -MMD -MP -MF"Drivers/STM32F1xx_HAL_Driver/Src/stm32f1xx_hal_tim_ex.d" -MT"Drivers/STM32F1xx_HAL_Driver/Src/stm32f1xx_hal_tim_ex.o" --specs=nano.specs -mfloat-abi=soft -mthumb -o "Drivers/STM32F1xx_HAL_Driver/Src/stm32f1xx_hal_tim_ex.o"
arm-none-eabi-gcc "../Drivers/STM32F1xx_HAL_Driver/Src/stm32f1xx_hal_uart.c" -mcpu=cortex-m3 -std=gnu11 -g3 -DDEBUG -DUSE_HAL_DRIVER -DSTM32F103xB -c -I../Core/Inc -I../Drivers/STM32F1xx_HAL_Driver/Inc/Legacy -I../Drivers/STM32F1xx_HAL_Driver/Inc -I../Drivers/CMSIS/Device/ST/STM32F1xx/Include -I../Drivers/CMSIS/Include -O0 -ffunction-sections -fdata-sections -Wall -fstack-usage -fcyclomatic-complexity -MMD -MP -MF"Drivers/STM32F1xx_HAL_Driver/Src/stm32f1xx_hal_uart.d" -MT"Drivers/STM32F1xx_HAL_Driver/Src/stm32f1xx_hal_uart.o" --specs=nano.specs -mfloat-abi=soft -mthumb -o "Drivers/STM32F1xx_HAL_Driver/Src/stm32f1xx_hal_uart.o"
arm-none-eabi-gcc "../Core/Src/main.c" -mcpu=cortex-m3 -std=gnu11 -g3 -DDEBUG -DUSE_HAL_DRIVER -DSTM32F103xB -c -I../Core/Inc -I../Drivers/STM32F1xx_HAL_Driver/Inc/Legacy -I../Drivers/STM32F1xx_HAL_Driver/Inc -I../Drivers/CMSIS/Device/ST/STM32F1xx/Include -I../Drivers/CMSIS/Include -O0 -ffunction-sections -fdata-sections -Wall -fstack-usage -fcyclomatic-complexity -MMD -MP -MF"Core/Src/main.d" -MT"Core/Src/main.o" --specs=nano.specs -mfloat-abi=soft -mthumb -o "Core/Src/main.o"
arm-none-eabi-gcc "../Core/Src/stm32f1xx_hal_msp.c" -mcpu=cortex-m3 -std=gnu11 -g3 -DDEBUG -DUSE_HAL_DRIVER -DSTM32F103xB -c -I../Core/Inc -I../Drivers/STM32F1xx_HAL_Driver/Inc/Legacy -I../Drivers/STM32F1xx_HAL_Driver/Inc -I../Drivers/CMSIS/Device/ST/STM32F1xx/Include -I../Drivers/CMSIS/Include -O0 -ffunction-sections -fdata-sections -Wall -fstack-usage -fcyclomatic-complexity -MMD -MP -MF"Core/Src/stm32f1xx_hal_msp.d" -MT"Core/Src/stm32f1xx_hal_msp.o" --specs=nano.specs -mfloat-abi=soft -mthumb -o "Core/Src/stm32f1xx_hal_msp.o"
arm-none-eabi-gcc "../Core/Src/stm32f1xx_it.c" -mcpu=cortex-m3 -std=gnu11 -g3 -DDEBUG -DUSE_HAL_DRIVER -DSTM32F103xB -c -I../Core/Inc -I../Drivers/STM32F1xx_HAL_Driver/Inc/Legacy -I../Drivers/STM32F1xx_HAL_Driver/Inc -I../Drivers/CMSIS/Device/ST/STM32F1xx/Include -I../Drivers/CMSIS/Include -O0 -ffunction-sections -fdata-sections -Wall -fstack-usage -fcyclomatic-complexity -MMD -MP -MF"Core/Src/stm32f1xx_it.d" -MT"Core/Src/stm32f1xx_it.o" --specs=nano.specs -mfloat-abi=soft -mthumb -o "Core/Src/stm32f1xx_it.o"
arm-none-eabi-gcc "../Core/Src/system_stm32f1xx.c" -mcpu=cortex-m3 -std=gnu11 -g3 -DDEBUG -DUSE_HAL_DRIVER -DSTM32F103xB -c -I../Core/Inc -I../Drivers/STM32F1xx_HAL_Driver/Inc/Legacy -I../Drivers/STM32F1xx_HAL_Driver/Inc -I../Drivers/CMSIS/Device/ST/STM32F1xx/Include -I../Drivers/CMSIS/Include -O0 -ffunction-sections -fdata-sections -Wall -fstack-usage -fcyclomatic-complexity -MMD -MP -MF"Core/Src/system_stm32f1xx.d" -MT"Core/Src/system_stm32f1xx.o" --specs=nano.specs -mfloat-abi=soft -mthumb -o "Core/Src/system_stm32f1xx.o"
arm-none-eabi-gcc -o "Bluepill_Potentiometer.elf" @"objects.list"   -mcpu=cortex-m3 -T"C:\Users\Jagakishan\STM32CubeIDE\workspace_1.18.0\Bluepill_Potentiometer\STM32F103C8TX_FLASH.ld" --specs=nosys.specs -Wl,-Map="Bluepill_Potentiometer.map" -Wl,--gc-sections -static --specs=nano.specs -mfloat-abi=soft -mthumb -u _printf_float -Wl,--start-group -lc -lm -Wl,--end-group
Finished building target: Bluepill_Potentiometer.elf
 
arm-none-eabi-size  Bluepill_Potentiometer.elf 
arm-none-eabi-objdump -h -S Bluepill_Potentiometer.elf  > "Bluepill_Potentiometer.list"
arm-none-eabi-objcopy  -O ihex Bluepill_Potentiometer.elf  "Bluepill_Potentiometer.hex"
   text	   data	    bss	    dec	    hex	filename
  28380	    468	   2172	  31020	   792c	Bluepill_Potentiometer.elf
Finished building: default.size.stdout
 
Finished building: Bluepill_Potentiometer.hex
 
Finished building: Bluepill_Potentiometer.list
 
16:16:07 **** Incremental Build of configuration Debug for project Bluepill_Potentiometer ****
make -j16 all 
arm-none-eabi-gcc "../Core/Src/main.c" -mcpu=cortex-m3 -std=gnu11 -g3 -DDEBUG -DUSE_HAL_DRIVER -DSTM32F103xB -c -I../Core/Inc -I../Drivers/STM32F1xx_HAL_Driver/Inc/Legacy -I../Drivers/STM32F1xx_HAL_Driver/Inc -I../Drivers/CMSIS/Device/ST/STM32F1xx/Include -I../Drivers/CMSIS/Include -O0 -ffunction-sections -fdata-sections -Wall -fstack-usage -fcyclomatic-complexity -MMD -MP -MF"Core/Src/main.d" -MT"Core/Src/main.o" --specs=nano.specs -mfloat-abi=soft -mthumb -o "Core/Src/main.o"
arm-none-eabi-gcc -o "Bluepill_Potentiometer.elf" @"objects.list"   -mcpu=cortex-m3 -T"C:\Users\Jagakishan\STM32CubeIDE\workspace_1.18.0\Bluepill_Potentiometer\STM32F103C8TX_FLASH.ld" --specs=nosys.specs -Wl,-Map="Bluepill_Potentiometer.map" -Wl,--gc-sections -static --specs=nano.specs -mfloat-abi=soft -mthumb -u _printf_float -Wl,--start-group -lc -lm -Wl,--end-group
Finished building target: Bluepill_Potentiometer.elf
 
arm-none-eabi-size  Bluepill_Potentiometer.elf 
arm-none-eabi-objdump -h -S Bluepill_Potentiometer.elf  > "Bluepill_Potentiometer.list"
arm-none-eabi-objcopy  -O ihex Bluepill_Potentiometer.elf  "Bluepill_Potentiometer.hex"
   text	   data	    bss	    dec	    hex	filename
  28380	    468	   2172	  31020	   792c	Bluepill_Potentiometer.elf
Finished building: default.size.stdout
 
Finished building: Bluepill_Potentiometer.hex
 
Finished building: Bluepill_Potentiometer.list
 
16:23:16 **** Incremental Build of configuration Debug for project Bluepill_Potentiometer ****
make -j16 all 
arm-none-eabi-gcc "../Core/Src/main.c" -mcpu=cortex-m3 -std=gnu11 -g3 -DDEBUG -DUSE_HAL_DRIVER -DSTM32F103xB -c -I../Core/Inc -I../Drivers/STM32F1xx_HAL_Driver/Inc/Legacy -I../Drivers/STM32F1xx_HAL_Driver/Inc -I../Drivers/CMSIS/Device/ST/STM32F1xx/Include -I../Drivers/CMSIS/Include -O0 -ffunction-sections -fdata-sections -Wall -fstack-usage -fcyclomatic-complexity -MMD -MP -MF"Core/Src/main.d" -MT"Core/Src/main.o" --specs=nano.specs -mfloat-abi=soft -mthumb -o "Core/Src/main.o"
arm-none-eabi-gcc "../Core/Src/stm32f1xx_hal_msp.c" -mcpu=cortex-m3 -std=gnu11 -g3 -DDEBUG -DUSE_HAL_DRIVER -DSTM32F103xB -c -I../Core/Inc -I../Drivers/STM32F1xx_HAL_Driver/Inc/Legacy -I../Drivers/STM32F1xx_HAL_Driver/Inc -I../Drivers/CMSIS/Device/ST/STM32F1xx/Include -I../Drivers/CMSIS/Include -O0 -ffunction-sections -fdata-sections -Wall -fstack-usage -fcyclomatic-complexity -MMD -MP -MF"Core/Src/stm32f1xx_hal_msp.d" -MT"Core/Src/stm32f1xx_hal_msp.o" --specs=nano.specs -mfloat-abi=soft -mthumb -o "Core/Src/stm32f1xx_hal_msp.o"
arm-none-eabi-gcc -o "Bluepill_Potentiometer.elf" @"objects.list"   -mcpu=cortex-m3 -T"C:\Users\Jagakishan\STM32CubeIDE\workspace_1.18.0\Bluepill_Potentiometer\STM32F103C8TX_FLASH.ld" --specs=nosys.specs -Wl,-Map="Bluepill_Potentiometer.map" -Wl,--gc-sections -static --specs=nano.specs -mfloat-abi=soft -mthumb -u _printf_float -Wl,--start-group -lc -lm -Wl,--end-group
Finished building target: Bluepill_Potentiometer.elf
 
arm-none-eabi-size  Bluepill_Potentiometer.elf 
arm-none-eabi-objdump -h -S Bluepill_Potentiometer.elf  > "Bluepill_Potentiometer.list"
arm-none-eabi-objcopy  -O ihex Bluepill_Potentiometer.elf  "Bluepill_Potentiometer.hex"
   text	   data	    bss	    dec	    hex	filename
  29316	    468	   2172	  31956	   7cd4	Bluepill_Potentiometer.elf
Finished building: default.size.stdout
 
Finished building: Bluepill_Potentiometer.hex
 
Finished building: Bluepill_Potentiometer.list
 
16:25:32 **** Incremental Build of configuration Debug for project Bluepill_Potentiometer ****
make -j16 all 
arm-none-eabi-gcc "../Core/Src/main.c" -mcpu=cortex-m3 -std=gnu11 -g3 -DDEBUG -DUSE_HAL_DRIVER -DSTM32F103xB -c -I../Core/Inc -I../Drivers/STM32F1xx_HAL_Driver/Inc/Legacy -I../Drivers/STM32F1xx_HAL_Driver/Inc -I../Drivers/CMSIS/Device/ST/STM32F1xx/Include -I../Drivers/CMSIS/Include -O0 -ffunction-sections -fdata-sections -Wall -fstack-usage -fcyclomatic-complexity -MMD -MP -MF"Core/Src/main.d" -MT"Core/Src/main.o" --specs=nano.specs -mfloat-abi=soft -mthumb -o "Core/Src/main.o"
arm-none-eabi-gcc -o "Bluepill_Potentiometer.elf" @"objects.list"   -mcpu=cortex-m3 -T"C:\Users\Jagakishan\STM32CubeIDE\workspace_1.18.0\Bluepill_Potentiometer\STM32F103C8TX_FLASH.ld" --specs=nosys.specs -Wl,-Map="Bluepill_Potentiometer.map" -Wl,--gc-sections -static --specs=nano.specs -mfloat-abi=soft -mthumb -u _printf_float -Wl,--start-group -lc -lm -Wl,--end-group
Finished building target: Bluepill_Potentiometer.elf
 
arm-none-eabi-size  Bluepill_Potentiometer.elf 
arm-none-eabi-objdump -h -S Bluepill_Potentiometer.elf  > "Bluepill_Potentiometer.list"
arm-none-eabi-objcopy  -O ihex Bluepill_Potentiometer.elf  "Bluepill_Potentiometer.hex"
   text	   data	    bss	    dec	    hex	filename
  29316	    468	   2172	  31956	   7cd4	Bluepill_Potentiometer.elf
Finished building: default.size.stdout
 
Finished building: Bluepill_Potentiometer.hex
 
Finished building: Bluepill_Potentiometer.list
 
16:28:21 **** Incremental Build of configuration Debug for project Bluepill_Potentiometer ****
make -j16 all 
arm-none-eabi-gcc "../Core/Src/main.c" -mcpu=cortex-m3 -std=gnu11 -g3 -DDEBUG -DUSE_HAL_DRIVER -DSTM32F103xB -c -I../Core/Inc -I../Drivers/STM32F1xx_HAL_Driver/Inc/Legacy -I../Drivers/STM32F1xx_HAL_Driver/Inc -I../Drivers/CMSIS/Device/ST/STM32F1xx/Include -I../Drivers/CMSIS/Include -O0 -ffunction-sections -fdata-sections -Wall -fstack-usage -fcyclomatic-complexity -MMD -MP -MF"Core/Src/main.d" -MT"Core/Src/main.o" --specs=nano.specs -mfloat-abi=soft -mthumb -o "Core/Src/main.o"
arm-none-eabi-gcc "../Core/Src/stm32f1xx_hal_msp.c" -mcpu=cortex-m3 -std=gnu11 -g3 -DDEBUG -DUSE_HAL_DRIVER -DSTM32F103xB -c -I../Core/Inc -I../Drivers/STM32F1xx_HAL_Driver/Inc/Legacy -I../Drivers/STM32F1xx_HAL_Driver/Inc -I../Drivers/CMSIS/Device/ST/STM32F1xx/Include -I../Drivers/CMSIS/Include -O0 -ffunction-sections -fdata-sections -Wall -fstack-usage -fcyclomatic-complexity -MMD -MP -MF"Core/Src/stm32f1xx_hal_msp.d" -MT"Core/Src/stm32f1xx_hal_msp.o" --specs=nano.specs -mfloat-abi=soft -mthumb -o "Core/Src/stm32f1xx_hal_msp.o"
arm-none-eabi-gcc "../Core/Src/stm32f1xx_it.c" -mcpu=cortex-m3 -std=gnu11 -g3 -DDEBUG -DUSE_HAL_DRIVER -DSTM32F103xB -c -I../Core/Inc -I../Drivers/STM32F1xx_HAL_Driver/Inc/Legacy -I../Drivers/STM32F1xx_HAL_Driver/Inc -I../Drivers/CMSIS/Device/ST/STM32F1xx/Include -I../Drivers/CMSIS/Include -O0 -ffunction-sections -fdata-sections -Wall -fstack-usage -fcyclomatic-complexity -MMD -MP -MF"Core/Src/stm32f1xx_it.d" -MT"Core/Src/stm32f1xx_it.o" --specs=nano.specs -mfloat-abi=soft -mthumb -o "Core/Src/stm32f1xx_it.o"
arm-none-eabi-gcc -o "Bluepill_Potentiometer.elf" @"objects.list"   -mcpu=cortex-m3 -T"C:\Users\Jagakishan\STM32CubeIDE\workspace_1.18.0\Bluepill_Potentiometer\STM32F103C8TX_FLASH.ld" --specs=nosys.specs -Wl,-Map="Bluepill_Potentiometer.map" -Wl,--gc-sections -static --specs=nano.specs -mfloat-abi=soft -mthumb -u _printf_float -Wl,--start-group -lc -lm -Wl,--end-group
Finished building target: Bluepill_Potentiometer.elf
 
arm-none-eabi-size  Bluepill_Potentiometer.elf 
arm-none-eabi-objdump -h -S Bluepill_Potentiometer.elf  > "Bluepill_Potentiometer.list"
arm-none-eabi-objcopy  -O ihex Bluepill_Potentiometer.elf  "Bluepill_Potentiometer.hex"
   text	   data	    bss	    dec	    hex	filename
  29964	    468	   2172	  32604	   7f5c	Bluepill_Potentiometer.elf
Finished building: default.size.stdout
 
Finished building: Bluepill_Potentiometer.hex
 
Finished building: Bluepill_Potentiometer.list
 
16:35:36 **** Incremental Build of configuration Debug for project Bluepill_Potentiometer ****
make -j16 all 
arm-none-eabi-gcc "../Core/Src/main.c" -mcpu=cortex-m3 -std=gnu11 -g3 -DDEBUG -DUSE_HAL_DRIVER -DSTM32F103xB -c -I../Core/Inc -I../Drivers/STM32F1xx_HAL_Driver/Inc/Legacy -I../Drivers/STM32F1xx_HAL_Driver/Inc -I../Drivers/CMSIS/Device/ST/STM32F1xx/Include -I../Drivers/CMSIS/Include -O0 -ffunction-sections -fdata-sections -Wall -fstack-usage -fcyclomatic-complexity -MMD -MP -MF"Core/Src/main.d" -MT"Core/Src/main.o" --specs=nano.specs -mfloat-abi=soft -mthumb -o "Core/Src/main.o"
arm-none-eabi-gcc -o "Bluepill_Potentiometer.elf" @"objects.list"   -mcpu=cortex-m3 -T"C:\Users\Jagakishan\STM32CubeIDE\workspace_1.18.0\Bluepill_Potentiometer\STM32F103C8TX_FLASH.ld" --specs=nosys.specs -Wl,-Map="Bluepill_Potentiometer.map" -Wl,--gc-sections -static --specs=nano.specs -mfloat-abi=soft -mthumb -u _printf_float -Wl,--start-group -lc -lm -Wl,--end-group
Finished building target: Bluepill_Potentiometer.elf
 
arm-none-eabi-size  Bluepill_Potentiometer.elf 
arm-none-eabi-objdump -h -S Bluepill_Potentiometer.elf  > "Bluepill_Potentiometer.list"
arm-none-eabi-objcopy  -O ihex Bluepill_Potentiometer.elf  "Bluepill_Potentiometer.hex"
   text	   data	    bss	    dec	    hex	filename
  29980	    468	   2172	  32620	   7f6c	Bluepill_Potentiometer.elf
Finished building: default.size.stdout
 
Finished building: Bluepill_Potentiometer.hex
 
Finished building: Bluepill_Potentiometer.list
 
17:22:46 **** Incremental Build of configuration Debug for project Bluepill_Potentiometer ****
make -j16 all 
arm-none-eabi-gcc "../Core/Src/main.c" -mcpu=cortex-m3 -std=gnu11 -g3 -DDEBUG -DUSE_HAL_DRIVER -DSTM32F103xB -c -I../Core/Inc -I../Drivers/STM32F1xx_HAL_Driver/Inc/Legacy -I../Drivers/STM32F1xx_HAL_Driver/Inc -I../Drivers/CMSIS/Device/ST/STM32F1xx/Include -I../Drivers/CMSIS/Include -O0 -ffunction-sections -fdata-sections -Wall -fstack-usage -fcyclomatic-complexity -MMD -MP -MF"Core/Src/main.d" -MT"Core/Src/main.o" --specs=nano.specs -mfloat-abi=soft -mthumb -o "Core/Src/main.o"
arm-none-eabi-gcc "../Core/Src/stm32f1xx_hal_msp.c" -mcpu=cortex-m3 -std=gnu11 -g3 -DDEBUG -DUSE_HAL_DRIVER -DSTM32F103xB -c -I../Core/Inc -I../Drivers/STM32F1xx_HAL_Driver/Inc/Legacy -I../Drivers/STM32F1xx_HAL_Driver/Inc -I../Drivers/CMSIS/Device/ST/STM32F1xx/Include -I../Drivers/CMSIS/Include -O0 -ffunction-sections -fdata-sections -Wall -fstack-usage -fcyclomatic-complexity -MMD -MP -MF"Core/Src/stm32f1xx_hal_msp.d" -MT"Core/Src/stm32f1xx_hal_msp.o" --specs=nano.specs -mfloat-abi=soft -mthumb -o "Core/Src/stm32f1xx_hal_msp.o"
arm-none-eabi-gcc "../Core/Src/stm32f1xx_it.c" -mcpu=cortex-m3 -std=gnu11 -g3 -DDEBUG -DUSE_HAL_DRIVER -DSTM32F103xB -c -I../Core/Inc -I../Drivers/STM32F1xx_HAL_Driver/Inc/Legacy -I../Drivers/STM32F1xx_HAL_Driver/Inc -I../Drivers/CMSIS/Device/ST/STM32F1xx/Include -I../Drivers/CMSIS/Include -O0 -ffunction-sections -fdata-sections -Wall -fstack-usage -fcyclomatic-complexity -MMD -MP -MF"Core/Src/stm32f1xx_it.d" -MT"Core/Src/stm32f1xx_it.o" --specs=nano.specs -mfloat-abi=soft -mthumb -o "Core/Src/stm32f1xx_it.o"
arm-none-eabi-gcc -o "Bluepill_Potentiometer.elf" @"objects.list"   -mcpu=cortex-m3 -T"C:\Users\Jagakishan\STM32CubeIDE\workspace_1.18.0\Bluepill_Potentiometer\STM32F103C8TX_FLASH.ld" --specs=nosys.specs -Wl,-Map="Bluepill_Potentiometer.map" -Wl,--gc-sections -static --specs=nano.specs -mfloat-abi=soft -mthumb -u _printf_float -Wl,--start-group -lc -lm -Wl,--end-group
Finished building target: Bluepill_Potentiometer.elf
 
arm-none-eabi-size  Bluepill_Potentiometer.elf 
arm-none-eabi-objdump -h -S Bluepill_Potentiometer.elf  > "Bluepill_Potentiometer.list"
arm-none-eabi-objcopy  -O ihex Bluepill_Potentiometer.elf  "Bluepill_Potentiometer.hex"
   text	   data	    bss	    dec	    hex	filename
  28556	    468	   2172	  31196	   79dc	Bluepill_Potentiometer.elf
Finished building: default.size.stdout
 
Finished building: Bluepill_Potentiometer.hex
 
Finished building: Bluepill_Potentiometer.list
 
